✓ Initialized. View run at 
https://modal.com/apps/denniskoshta/main/ap-vGKxCS9vHLjC3aZ83pa85Y
✓ Created objects.
├── ✓ Uploaded /home/dennis/projects/upbringing/train/act1.py
├── ✓ Uploaded PythonPackage:upbringing
├── ✓ Created Function sft.
└── ✓ Created Function dpo.

[1AFetching 6 files:   0%|          | 0/6 [00:00<?, ?it/s]Fetching 6 files: 100%|██████████| 6/6 [00:00<00:00, 810.23it/s]

[1AFetching 6 files:   0%|          | 0/6 [00:00<?, ?it/s]Fetching 6 files: 100%|██████████| 6/6 [00:00<00:00, 888.78it/s]

[1AFetching 6 files:   0%|          | 0/6 [00:00<?, ?it/s]
[1AFetching 6 files:   0%|          | 0/6 [00:00<?, ?it/s]
[1AFetching 6 files: 100%|██████████| 6/6 [00:00<00:00, 769.15it/s]
Fetching 6 files: 100%|██████████| 6/6 [00:00<00:00, 744.86it/s]

[1ALoading weights:   0%|          | 0/179 [00:00<?, ?it/s]
[1ALoading weights:   0%|          | 0/179 [00:00<?, ?it/s]
[1ALoading weights:   0%|          | 0/179 [00:00<?, ?it/s]
[1ALoading weights:   0%|          | 0/179 [00:00<?, ?it/s]Loading weights:   1%|          | 1/179 [00:02<06:18,  2.13s/it]Loading weights:   1%|          | 1/179 [00:02<06:14,  2.10s/it]Loading weights:   1%|          | 1/179 [00:02<06:13,  2.10s/it]
[1ALoading weights:   1%|          | 1/179 [00:02<06:14,  2.10s/it]
[1ALoading weights: 100%|██████████| 179/179 [00:02<00:00, 84.94it/s]

[1ALoading weights: 100%|██████████| 179/179 [00:02<00:00, 83.99it/s]

[1ALoading weights: 100%|██████████| 179/179 [00:02<00:00, 84.96it/s]

[1ALoading weights: 100%|██████████| 179/179 [00:02<00:00, 84.91it/s]
[RANK 0] `padding_free=True` is temporarily unavailable after a refactor and is currently disabled. Falling back to standard padding (`padding_free=False`). This feature is planned to return in a future update; for now, please set `padding_free=False` explicitly.

[1ADropping fully truncated examples from train dataset (num_proc=8):   0%|          | 0/2000 [00:00<?, ? examples/s]
[1ADropping fully truncated examples from train dataset (num_proc=8):  12%|█▎        | 250/2000 [00:01<00:07, 238.23 examples/s]Dropping fully truncated examples from train dataset (num_proc=8): 100%|██████████| 2000/2000 [00:01<00:00, 1613.98 examples/s]
[RANK 0] Detected kernel version 4.19.0, which is below the recommended minimum of 5.5.0; this can cause the process to hang. It is recommended to upgrade the kernel to the minimum version or higher.

[1ADropping fully truncated examples from train dataset (num_proc=8):   0%|          | 0/2000 [00:00<?, ? examples/s]
[1ADropping fully truncated examples from train dataset (num_proc=8):   0%|          | 0/2000 [00:00<?, ? examples/s]
[1ADropping fully truncated examples from train dataset (num_proc=8):   0%|          | 0/2000 [00:00<?, ? examples/s]
[1ADropping fully truncated examples from train dataset (num_proc=8):  12%|█▎        | 250/2000 [00:02<00:16, 107.84 examples/s]
[1ADropping fully truncated examples from train dataset (num_proc=8):  12%|█▎        | 250/2000 [00:02<00:16, 104.93 examples/s]
[1ADropping fully truncated examples from train dataset (num_proc=8):  50%|█████     | 1000/2000 [00:02<00:01, 533.44 examples/s]
[1ADropping fully truncated examples from train dataset (num_proc=8):  12%|█▎        | 250/2000 [00:02<00:17, 102.90 examples/s]
[1ADropping fully truncated examples from train dataset (num_proc=8):  62%|██████▎   | 1250/2000 [00:02<00:01, 661.32 examples/s]
[1ADropping fully truncated examples from train dataset (num_proc=8): 100%|██████████| 2000/2000 [00:02<00:00, 762.51 examples/s]

[1ADropping fully truncated examples from train dataset (num_proc=8): 100%|██████████| 2000/2000 [00:02<00:00, 735.78 examples/s]
[1ADropping fully truncated examples from train dataset (num_proc=8): 100%|██████████| 2000/2000 [00:02<00:00, 732.63 examples/s]


[1AComputing reference log probs for train dataset:   0%|          | 0/123 [00:00<?, ?it/s]/usr/local/lib/python3.12/site-packages/torch/distributed/c10d_logger.py:83: FutureWarning: `torch.distributed.all_gather_into_tensor` is deprecated. Please use `torch.distributed.all_gather_single` instead.
  return func(*args, **kwargs)
/usr/local/lib/python3.12/site-packages/torch/distributed/c10d_logger.py:83: FutureWarning: `torch.distributed.all_gather_into_tensor` is deprecated. Please use `torch.distributed.all_gather_single` instead.
  return func(*args, **kwargs)
/usr/local/lib/python3.12/site-packages/torch/distributed/c10d_logger.py:83: FutureWarning: `torch.distributed.all_gather_into_tensor` is deprecated. Please use `torch.distributed.all_gather_single` instead.
  return func(*args, **kwargs)
/usr/local/lib/python3.12/site-packages/torch/distributed/c10d_logger.py:83: FutureWarning: `torch.distributed.all_gather_into_tensor` is deprecated. Please use `torch.distributed.all_gather_single` instead.
  return func(*args, **kwargs)

[1AComputing reference log probs for train dataset:   1%|          | 1/123 [00:04<10:03,  4.95s/it]
[1AComputing reference log probs for train dataset:   2%|▏         | 3/123 [00:05<02:43,  1.37s/it]
[1AComputing reference log probs for train dataset:   3%|▎         | 4/123 [00:05<01:52,  1.05it/s]
[1AComputing reference log probs for train dataset:   4%|▍         | 5/123 [00:05<01:24,  1.40it/s]
[1AComputing reference log probs for train dataset:   5%|▍         | 6/123 [00:05<01:02,  1.87it/s]
[1AComputing reference log probs for train dataset:   6%|▌         | 7/123 [00:05<00:48,  2.42it/s]
[1AComputing reference log probs for train dataset:   7%|▋         | 8/123 [00:06<00:38,  2.95it/s]
[1AComputing reference log probs for train dataset:   8%|▊         | 10/123 [00:06<00:26,  4.32it/s]
[1AComputing reference log probs for train dataset:   9%|▉         | 11/123 [00:06<00:23,  4.74it/s]
[1AComputing reference log probs for train dataset:  10%|▉         | 12/123 [00:06<00:21,  5.14it/s]
[1AComputing reference log probs for train dataset:  11%|█         | 13/123 [00:06<00:19,  5.54it/s]
[1AComputing reference log probs for train dataset:  12%|█▏        | 15/123 [00:06<00:15,  6.88it/s]
[1AComputing reference log probs for train dataset:  13%|█▎        | 16/123 [00:07<00:15,  6.84it/s]
[1AComputing reference log probs for train dataset:  14%|█▍        | 17/123 [00:07<00:15,  6.83it/s]
[1AComputing reference log probs for train dataset:  15%|█▍        | 18/123 [00:07<00:15,  6.79it/s]
[1AComputing reference log probs for train dataset:  15%|█▌        | 19/123 [00:07<00:15,  6.91it/s]
[1AComputing reference log probs for train dataset:  16%|█▋        | 20/123 [00:07<00:13,  7.41it/s]
[1AComputing reference log probs for train dataset:  17%|█▋        | 21/123 [00:07<00:14,  7.22it/s]
[1AComputing reference log probs for train dataset:  18%|█▊        | 22/123 [00:07<00:14,  7.02it/s]
[1AComputing reference log probs for train dataset:  19%|█▊        | 23/123 [00:08<00:13,  7.46it/s]
[1AComputing reference log probs for train dataset:  20%|█▉        | 24/123 [00:08<00:13,  7.31it/s]
[1AComputing reference log probs for train dataset:  20%|██        | 25/123 [00:08<00:13,  7.30it/s]
[1AComputing reference log probs for train dataset:  21%|██        | 26/123 [00:08<00:13,  7.12it/s]
[1AComputing reference log probs for train dataset:  22%|██▏       | 27/123 [00:08<00:13,  6.95it/s]
[1AComputing reference log probs for train dataset:  23%|██▎       | 28/123 [00:08<00:15,  6.19it/s]
[1AComputing reference log probs for train dataset:  24%|██▎       | 29/123 [00:08<00:15,  5.89it/s]
[1AComputing reference log probs for train dataset:  24%|██▍       | 30/123 [00:09<00:18,  4.92it/s]
[1AComputing reference log probs for train dataset:  25%|██▌       | 31/123 [00:09<00:17,  5.31it/s]
[1AComputing reference log probs for train dataset:  26%|██▌       | 32/123 [00:09<00:15,  6.01it/s]
[1AComputing reference log probs for train dataset:  27%|██▋       | 33/123 [00:09<00:14,  6.26it/s]
[1AComputing reference log probs for train dataset:  28%|██▊       | 34/123 [00:09<00:12,  6.96it/s]
[1AComputing reference log probs for train dataset:  28%|██▊       | 35/123 [00:09<00:12,  6.85it/s]
[1AComputing reference log probs for train dataset:  29%|██▉       | 36/123 [00:10<00:12,  6.79it/s]
[1AComputing reference log probs for train dataset:  30%|███       | 37/123 [00:10<00:12,  6.80it/s]
[1AComputing reference log probs for train dataset:  31%|███       | 38/123 [00:10<00:12,  6.75it/s]
[1AComputing reference log probs for train dataset:  32%|███▏      | 39/123 [00:10<00:11,  7.47it/s]
[1AComputing reference log probs for train dataset:  33%|███▎      | 41/123 [00:10<00:10,  7.73it/s]
[1AComputing reference log probs for train dataset:  35%|███▍      | 43/123 [00:10<00:10,  7.99it/s]
[1AComputing reference log probs for train dataset:  37%|███▋      | 45/123 [00:11<00:09,  8.30it/s]
[1AComputing reference log probs for train dataset:  37%|███▋      | 46/123 [00:11<00:09,  7.93it/s]
[1AComputing reference log probs for train dataset:  38%|███▊      | 47/123 [00:11<00:09,  8.32it/s]
[1AComputing reference log probs for train dataset:  39%|███▉      | 48/123 [00:11<00:09,  7.86it/s]
[1AComputing reference log probs for train dataset:  40%|███▉      | 49/123 [00:11<00:09,  7.55it/s]
[1AComputing reference log probs for train dataset:  41%|████      | 50/123 [00:11<00:10,  7.30it/s]
[1AComputing reference log probs for train dataset:  41%|████▏     | 51/123 [00:12<00:09,  7.37it/s]
[1AComputing reference log probs for train dataset:  43%|████▎     | 53/123 [00:12<00:08,  7.86it/s]
[1AComputing reference log probs for train dataset:  44%|████▍     | 54/123 [00:12<00:09,  7.56it/s]
[1AComputing reference log probs for train dataset:  45%|████▍     | 55/123 [00:12<00:09,  7.36it/s]
[1AComputing reference log probs for train dataset:  46%|████▌     | 56/123 [00:12<00:09,  7.19it/s]
[1AComputing reference log probs for train dataset:  47%|████▋     | 58/123 [00:12<00:07,  8.15it/s]
[1AComputing reference log probs for train dataset:  48%|████▊     | 59/123 [00:13<00:08,  7.73it/s]
[1AComputing reference log probs for train dataset:  49%|████▉     | 60/123 [00:13<00:07,  8.04it/s]
[1AComputing reference log probs for train dataset:  50%|████▉     | 61/123 [00:13<00:08,  7.68it/s]
[1AComputing reference log probs for train dataset:  50%|█████     | 62/123 [00:13<00:08,  7.40it/s]
[1AComputing reference log probs for train dataset:  51%|█████     | 63/123 [00:13<00:08,  7.19it/s]
[1AComputing reference log probs for train dataset:  52%|█████▏    | 64/123 [00:13<00:08,  7.08it/s]
[1AComputing reference log probs for train dataset:  53%|█████▎    | 65/123 [00:13<00:08,  6.93it/s]
[1AComputing reference log probs for train dataset:  54%|█████▎    | 66/123 [00:14<00:08,  6.84it/s]
[1AComputing reference log probs for train dataset:  54%|█████▍    | 67/123 [00:14<00:07,  7.23it/s]
[1AComputing reference log probs for train dataset:  55%|█████▌    | 68/123 [00:14<00:07,  7.06it/s]
[1AComputing reference log probs for train dataset:  56%|█████▌    | 69/123 [00:14<00:07,  6.96it/s]
[1AComputing reference log probs for train dataset:  57%|█████▋    | 70/123 [00:14<00:07,  7.33it/s]
[1AComputing reference log probs for train dataset:  58%|█████▊    | 71/123 [00:14<00:07,  7.22it/s]
[1AComputing reference log probs for train dataset:  59%|█████▊    | 72/123 [00:14<00:07,  7.03it/s]
[1AComputing reference log probs for train dataset:  59%|█████▉    | 73/123 [00:15<00:07,  6.93it/s]
[1AComputing reference log probs for train dataset:  60%|██████    | 74/123 [00:15<00:07,  6.87it/s]
[1AComputing reference log probs for train dataset:  61%|██████    | 75/123 [00:15<00:07,  6.86it/s]
[1AComputing reference log probs for train dataset:  62%|██████▏   | 76/123 [00:15<00:06,  6.82it/s]
[1AComputing reference log probs for train dataset:  63%|██████▎   | 77/123 [00:15<00:06,  7.42it/s]
[1AComputing reference log probs for train dataset:  63%|██████▎   | 78/123 [00:15<00:06,  7.21it/s]
[1AComputing reference log probs for train dataset:  64%|██████▍   | 79/123 [00:15<00:05,  7.41it/s]
[1AComputing reference log probs for train dataset:  65%|██████▌   | 80/123 [00:16<00:05,  7.23it/s]
[1AComputing reference log probs for train dataset:  66%|██████▌   | 81/123 [00:16<00:05,  7.47it/s]
[1AComputing reference log probs for train dataset:  67%|██████▋   | 82/123 [00:16<00:05,  7.24it/s]
[1AComputing reference log probs for train dataset:  67%|██████▋   | 83/123 [00:16<00:05,  7.09it/s]
[1AComputing reference log probs for train dataset:  68%|██████▊   | 84/123 [00:16<00:05,  6.94it/s]
[1AComputing reference log probs for train dataset:  69%|██████▉   | 85/123 [00:16<00:05,  7.37it/s]
[1AComputing reference log probs for train dataset:  70%|██████▉   | 86/123 [00:16<00:04,  7.70it/s]
[1AComputing reference log probs for train dataset:  71%|███████   | 87/123 [00:16<00:04,  7.34it/s]
[1AComputing reference log probs for train dataset:  72%|███████▏  | 88/123 [00:17<00:04,  7.32it/s]
[1AComputing reference log probs for train dataset:  72%|███████▏  | 89/123 [00:17<00:04,  7.13it/s]
[1AComputing reference log probs for train dataset:  73%|███████▎  | 90/123 [00:17<00:04,  6.99it/s]
[1AComputing reference log probs for train dataset:  74%|███████▍  | 91/123 [00:17<00:04,  6.94it/s]
[1AComputing reference log probs for train dataset:  75%|███████▍  | 92/123 [00:17<00:04,  6.89it/s]
[1AComputing reference log probs for train dataset:  76%|███████▌  | 93/123 [00:17<00:04,  7.40it/s]
[1AComputing reference log probs for train dataset:  76%|███████▋  | 94/123 [00:17<00:04,  7.23it/s]
[1AComputing reference log probs for train dataset:  77%|███████▋  | 95/123 [00:18<00:03,  7.10it/s]
[1AComputing reference log probs for train dataset:  78%|███████▊  | 96/123 [00:18<00:03,  7.16it/s]
[1AComputing reference log probs for train dataset:  79%|███████▉  | 97/123 [00:18<00:03,  7.42it/s]
[1AComputing reference log probs for train dataset:  80%|███████▉  | 98/123 [00:18<00:03,  7.26it/s]
[1AComputing reference log probs for train dataset:  80%|████████  | 99/123 [00:18<00:03,  7.12it/s]
[1AComputing reference log probs for train dataset:  81%|████████▏ | 100/123 [00:18<00:03,  7.05it/s]
[1AComputing reference log probs for train dataset:  82%|████████▏ | 101/123 [00:18<00:03,  7.11it/s]
[1AComputing reference log probs for train dataset:  83%|████████▎ | 102/123 [00:19<00:02,  7.55it/s]
[1AComputing reference log probs for train dataset:  84%|████████▎ | 103/123 [00:19<00:02,  7.34it/s]
[1AComputing reference log probs for train dataset:  85%|████████▌ | 105/123 [00:19<00:02,  7.64it/s]
[1AComputing reference log probs for train dataset:  86%|████████▌ | 106/123 [00:19<00:02,  7.53it/s]
[1AComputing reference log probs for train dataset:  87%|████████▋ | 107/123 [00:19<00:02,  7.72it/s]
[1AComputing reference log probs for train dataset:  88%|████████▊ | 108/123 [00:19<00:02,  7.39it/s]
[1AComputing reference log probs for train dataset:  89%|████████▊ | 109/123 [00:19<00:01,  7.55it/s]
[1AComputing reference log probs for train dataset:  89%|████████▉ | 110/123 [00:20<00:01,  7.28it/s]
[1AComputing reference log probs for train dataset:  90%|█████████ | 111/123 [00:20<00:01,  7.09it/s]
[1AComputing reference log probs for train dataset:  91%|█████████ | 112/123 [00:20<00:01,  7.44it/s]
[1AComputing reference log probs for train dataset:  92%|█████████▏| 113/123 [00:20<00:01,  7.24it/s]
[1AComputing reference log probs for train dataset:  93%|█████████▎| 114/123 [00:20<00:01,  7.08it/s]
[1AComputing reference log probs for train dataset:  93%|█████████▎| 115/123 [00:20<00:01,  6.96it/s]
[1AComputing reference log probs for train dataset:  94%|█████████▍| 116/123 [00:20<00:00,  7.17it/s]
[1AComputing reference log probs for train dataset:  95%|█████████▌| 117/123 [00:21<00:00,  7.54it/s]
[1AComputing reference log probs for train dataset:  96%|█████████▌| 118/123 [00:21<00:00,  8.10it/s]
[1AComputing reference log probs for train dataset:  97%|█████████▋| 119/123 [00:21<00:00,  7.64it/s]
[1AComputing reference log probs for train dataset:  98%|█████████▊| 120/123 [00:21<00:00,  7.44it/s]
[1AComputing reference log probs for train dataset:  98%|█████████▊| 121/123 [00:21<00:00,  7.40it/s]
[1AComputing reference log probs for train dataset:  99%|█████████▉| 122/123 [00:21<00:00,  7.21it/s]
[1AComputing reference log probs for train dataset: 100%|██████████| 123/123 [00:21<00:00,  7.78it/s]
[1AComputing reference log probs for train dataset: 100%|██████████| 123/123 [00:21<00:00,  5.62it/s]

[1ACaching reference log probs for train dataset:   0%|          | 0/1963 [00:00<?, ? examples/s]
[1ACaching reference log probs for train dataset: 100%|██████████| 1963/1963 [00:00<00:00, 54913.99 examples/s]

[1AFlattening the indices:   0%|          | 0/1963 [00:00<?, ? examples/s]
[1AFlattening the indices:   0%|          | 0/1963 [00:00<?, ? examples/s]
[1AFlattening the indices:   0%|          | 0/1963 [00:00<?, ? examples/s]
[1AFlattening the indices:   0%|          | 0/1963 [00:00<?, ? examples/s]
[1AFlattening the indices: 100%|██████████| 1963/1963 [00:00<00:00, 9389.35 examples/s]
[1AFlattening the indices: 100%|██████████| 1963/1963 [00:00<00:00, 9337.23 examples/s]
[1AFlattening the indices: 100%|██████████| 1963/1963 [00:00<00:00, 9310.99 examples/s]Flattening the indices: 100%|██████████| 1963/1963 [00:00<00:00, 9070.10 examples/s]
Flattening the indices: 100%|██████████| 1963/1963 [00:00<00:00, 9000.62 examples/s]

[1AFlattening the indices:   0%|          | 0/1963 [00:00<?, ? examples/s]Flattening the indices: 100%|██████████| 1963/1963 [00:00<00:00, 8911.09 examples/s]

[1AFlattening the indices:   0%|          | 0/1963 [00:00<?, ? examples/s]
[1AFlattening the indices:   0%|          | 0/1963 [00:00<?, ? examples/s]Flattening the indices: 100%|██████████| 1963/1963 [00:00<00:00, 237404.31 examples/s]
Flattening the indices: 100%|██████████| 1963/1963 [00:00<00:00, 225795.82 examples/s]
Flattening the indices: 100%|██████████| 1963/1963 [00:00<00:00, 256804.80 examples/s]

[1AFlattening the indices: 100%|██████████| 1963/1963 [00:00<00:00, 8379.81 examples/s]Flattening the indices: 100%|██████████| 1963/1963 [00:00<00:00, 8095.41 examples/s]
time-lapse snapshots at [3, 5, 6, 9, 10, 12]
time-lapse snapshots at [3, 5, 6, 9, 10, 12]
time-lapse snapshots at [3, 5, 6, 9, 10, 12]

time-lapse snapshots at [3, 5, 6, 9, 10, 12]
[1A  0%|          | 0/12 [00:00<?, ?it/s]
[1A  8%|▊         | 1/12 [00:06<01:09,  6.35s/it]
[1A 17%|█▋        | 2/12 [00:11<00:56,  5.69s/it]

[1A
[1AWriting model shards:   0%|          | 0/1 [00:00<?, ?it/s][A

[1AWriting model shards: 100%|██████████| 1/1 [00:05<00:00,  5.34s/it][AWriting model shards: 100%|██████████| 1/1 [00:05<00:00,  5.34s/it]
snapshot saved: /vol/runs/dpo-smoke/snapshots/step-00003

[1A 25%|██▌       | 3/12 [00:21<01:08,  7.59s/it]
[1A 33%|███▎      | 4/12 [00:25<00:49,  6.23s/it]

[1A
[1AWriting model shards:   0%|          | 0/1 [00:00<?, ?it/s][A

[1AWriting model shards: 100%|██████████| 1/1 [00:04<00:00,  4.40s/it][AWriting model shards: 100%|██████████| 1/1 [00:04<00:00,  4.40s/it]
snapshot saved: /vol/runs/dpo-smoke/snapshots/step-00005

[1A 42%|████▏     | 5/12 [00:34<00:49,  7.11s/it]
[1A                                              
{'loss': '0.6931', 'grad_norm': '14.19', 'learning_rate': '2e-06', 'entropy': '1.524', 'num_tokens': '8.468e+05', 'logits/chosen': '-14.13', 'logits/rejected': '-13.3', 'mean_token_accuracy': '0.6592', 'rewards/chosen': '-0.05509', 'rewards/rejected': '-0.08813', 'rewards/accuracies': '0.4141', 'rewards/margins': '0.03304', 'logps/chosen': '-608.2', 'logps/rejected': '-698.6', 'epoch': '0.3252'}
[1A
[1A 42%|████▏     | 5/12 [00:34<00:49,  7.11s/it]

[1AWriting model shards:   0%|          | 0/1 [00:00<?, ?it/s][A
Writing model shards: 100%|██████████| 1/1 [00:07<00:00,  7.06s/it][AWriting model shards: 100%|██████████| 1/1 [00:07<00:00,  7.06s/it]
snapshot saved: /vol/runs/dpo-smoke/snapshots/step-00006

[1A 50%|█████     | 6/12 [00:45<00:50,  8.49s/it]
[1A 58%|█████▊    | 7/12 [00:49<00:35,  7.20s/it]
[1A 67%|██████▋   | 8/12 [00:54<00:25,  6.33s/it]

[1AWriting model shards:   0%|          | 0/1 [00:00<?, ?it/s][A

[1AWriting model shards: 100%|██████████| 1/1 [00:04<00:00,  4.33s/it][AWriting model shards: 100%|██████████| 1/1 [00:04<00:00,  4.33s/it]
snapshot saved: /vol/runs/dpo-smoke/snapshots/step-00009

[1A 75%|███████▌  | 9/12 [01:02<00:20,  6.95s/it]

[1A
[1AWriting model shards:   0%|          | 0/1 [00:00<?, ?it/s][A

[1AWriting model shards: 100%|██████████| 1/1 [00:06<00:00,  6.69s/it][AWriting model shards: 100%|██████████| 1/1 [00:06<00:00,  6.69s/it]
snapshot saved: /vol/runs/dpo-smoke/snapshots/step-00010

[1A 83%|████████▎ | 10/12 [01:13<00:16,  8.24s/it]
[1A                                               
{'loss': '0.6917', 'grad_norm': '5.641', 'learning_rate': '7.5e-07', 'entropy': '1.516', 'num_tokens': '1.7e+06', 'logits/chosen': '-14.43', 'logits/rejected': '-13.52', 'mean_token_accuracy': '0.6591', 'rewards/chosen': '-0.004895', 'rewards/rejected': '-0.495', 'rewards/accuracies': '0.5297', 'rewards/margins': '0.4901', 'logps/chosen': '-665', 'logps/rejected': '-723.6', 'epoch': '0.6504'}
[1A
[1A 83%|████████▎ | 10/12 [01:13<00:16,  8.24s/it]
[1A 92%|█████████▏| 11/12 [01:18<00:07,  7.00s/it]

[1A
[1AWriting model shards:   0%|          | 0/1 [00:00<?, ?it/s][A

[1AWriting model shards: 100%|██████████| 1/1 [00:04<00:00,  4.48s/it][AWriting model shards: 100%|██████████| 1/1 [00:04<00:00,  4.48s/it]
snapshot saved: /vol/runs/dpo-smoke/snapshots/step-00012

[1A100%|██████████| 12/12 [01:26<00:00,  7.47s/it]

[1A
[1AWriting model shards:   0%|          | 0/1 [00:00<?, ?it/s][A
Writing model shards: 100%|██████████| 1/1 [00:14<00:00, 14.68s/it][AWriting model shards: 100%|██████████| 1/1 [00:14<00:00, 14.69s/it]

{'train_runtime': '121.9', 'train_samples_per_second': '12.6', 'train_steps_per_second': '0.098', 'train_loss': '0.6917', 'entropy': '1.507', 'num_tokens': '2.017e+06', 'logits/chosen': '-14.06', 'logits/rejected': '-13.65', 'mean_token_accuracy': '0.6543', 'rewards/chosen': '0.03751', 'rewards/rejected': '-0.6437', 'rewards/accuracies': '0.6211', 'rewards/margins': '0.6812', 'logps/chosen': '-582.3', 'logps/rejected': '-644.9', 'epoch': '0.7805'}
[1A                                               
[1A
[1A100%|██████████| 12/12 [02:01<00:00,  7.47s/it]100%|██████████| 12/12 [02:01<00:00, 10.16s/it]
[rank0]:[W1006 23:57:34.820929630 ProcessGroupNCCL.cpp:1624] Warning: WARNING: destroy_process_group() was not called before program exit, which can leak resources. For more info, please see https://pytorch.org/docs/stable/distributed.html#shutdown (function operator())
Stopping app - local entrypoint completed.
✓ App completed. View run at 
https://modal.com/apps/denniskoshta/main/ap-vGKxCS9vHLjC3aZ83pa85Y
EXIT 0
