✓ Initialized. View run at 
https://modal.com/apps/denniskoshta/main/ap-DrqvTiteSpdYnlzGEsTGqU
✓ Created objects.
├── ✓ Uploaded /home/dennis/projects/upbringing/train/act1.py
├── ✓ Uploaded PythonPackage:upbringing
├── ✓ Created Function sft.
└── ✓ Created Function dpo.

[1AFetching 6 files:   0%|          | 0/6 [00:00<?, ?it/s]Fetching 6 files: 100%|██████████| 6/6 [00:00<00:00, 758.62it/s]

[1ALoading weights:   0%|          | 0/179 [00:00<?, ?it/s]
[1ALoading weights:   1%|          | 1/179 [00:00<01:05,  2.72it/s]
[1ALoading weights:   1%|          | 2/179 [00:00<00:40,  4.34it/s]
[1ALoading weights:  44%|████▍     | 79/179 [00:00<00:00, 206.45it/s]
[1ALoading weights:  63%|██████▎   | 113/179 [00:00<00:00, 196.50it/s]
[1ALoading weights:  79%|███████▉  | 141/179 [00:00<00:00, 190.14it/s]
[1ALoading weights:  93%|█████████▎| 166/179 [00:01<00:00, 173.30it/s]Loading weights: 100%|██████████| 179/179 [00:01<00:00, 155.75it/s]
[RANK 0] Detected kernel version 4.19.0, which is below the recommended minimum of 5.5.0; this can cause the process to hang. It is recommended to upgrade the kernel to the minimum version or higher.

[1AComputing reference log probs for train dataset:   0%|          | 0/491 [00:00<?, ?it/s]
[1AComputing reference log probs for train dataset:   0%|          | 1/491 [00:02<16:43,  2.05s/it]
[1AComputing reference log probs for train dataset:   0%|          | 2/491 [00:02<08:03,  1.01it/s]
[1AComputing reference log probs for train dataset:   1%|          | 4/491 [00:02<03:34,  2.27it/s]
[1AComputing reference log probs for train dataset:   1%|          | 6/491 [00:02<02:11,  3.69it/s]
[1AComputing reference log probs for train dataset:   2%|▏         | 8/491 [00:02<01:35,  5.08it/s]
[1AComputing reference log probs for train dataset:   2%|▏         | 9/491 [00:02<01:25,  5.61it/s]
[1AComputing reference log probs for train dataset:   2%|▏         | 11/491 [00:03<01:06,  7.25it/s]
[1AComputing reference log probs for train dataset:   3%|▎         | 13/491 [00:03<01:00,  7.93it/s]
[1AComputing reference log probs for train dataset:   3%|▎         | 15/491 [00:03<01:00,  7.89it/s]
[1AComputing reference log probs for train dataset:   3%|▎         | 16/491 [00:03<00:58,  8.06it/s]
[1AComputing reference log probs for train dataset:   4%|▎         | 18/491 [00:03<00:52,  8.94it/s]
[1AComputing reference log probs for train dataset:   4%|▍         | 19/491 [00:04<01:05,  7.20it/s]
[1AComputing reference log probs for train dataset:   4%|▍         | 21/491 [00:04<00:53,  8.81it/s]
[1AComputing reference log probs for train dataset:   5%|▍         | 23/491 [00:04<00:53,  8.78it/s]
[1AComputing reference log probs for train dataset:   5%|▍         | 24/491 [00:04<00:56,  8.27it/s]
[1AComputing reference log probs for train dataset:   5%|▌         | 25/491 [00:04<00:56,  8.23it/s]
[1AComputing reference log probs for train dataset:   5%|▌         | 26/491 [00:04<00:54,  8.46it/s]
[1AComputing reference log probs for train dataset:   5%|▌         | 27/491 [00:05<00:58,  7.90it/s]
[1AComputing reference log probs for train dataset:   6%|▌         | 29/491 [00:05<00:52,  8.82it/s]
[1AComputing reference log probs for train dataset:   6%|▌         | 30/491 [00:05<00:56,  8.22it/s]
[1AComputing reference log probs for train dataset:   7%|▋         | 32/491 [00:05<00:46,  9.85it/s]
[1AComputing reference log probs for train dataset:   7%|▋         | 34/491 [00:05<00:42, 10.70it/s]
[1AComputing reference log probs for train dataset:   7%|▋         | 36/491 [00:05<00:39, 11.46it/s]
[1AComputing reference log probs for train dataset:   8%|▊         | 38/491 [00:06<00:41, 10.82it/s]
[1AComputing reference log probs for train dataset:   8%|▊         | 40/491 [00:06<00:37, 12.13it/s]
[1AComputing reference log probs for train dataset:   9%|▊         | 42/491 [00:06<00:39, 11.23it/s]
[1AComputing reference log probs for train dataset:   9%|▉         | 44/491 [00:06<00:42, 10.53it/s]
[1AComputing reference log probs for train dataset:   9%|▉         | 46/491 [00:06<00:44,  9.90it/s]
[1AComputing reference log probs for train dataset:  10%|▉         | 48/491 [00:07<00:48,  9.16it/s]
[1AComputing reference log probs for train dataset:  10%|█         | 50/491 [00:07<00:47,  9.23it/s]
[1AComputing reference log probs for train dataset:  10%|█         | 51/491 [00:07<00:50,  8.76it/s]
[1AComputing reference log probs for train dataset:  11%|█         | 53/491 [00:07<00:44,  9.79it/s]
[1AComputing reference log probs for train dataset:  11%|█         | 55/491 [00:07<00:41, 10.63it/s]
[1AComputing reference log probs for train dataset:  12%|█▏        | 57/491 [00:07<00:39, 11.07it/s]
[1AComputing reference log probs for train dataset:  12%|█▏        | 59/491 [00:08<00:39, 10.88it/s]
[1AComputing reference log probs for train dataset:  12%|█▏        | 61/491 [00:08<00:45,  9.52it/s]
[1AComputing reference log probs for train dataset:  13%|█▎        | 62/491 [00:08<00:46,  9.23it/s]
[1AComputing reference log probs for train dataset:  13%|█▎        | 63/491 [00:08<00:49,  8.73it/s]
[1AComputing reference log probs for train dataset:  13%|█▎        | 65/491 [00:08<00:49,  8.53it/s]
[1AComputing reference log probs for train dataset:  14%|█▎        | 67/491 [00:09<00:48,  8.83it/s]
[1AComputing reference log probs for train dataset:  14%|█▍        | 69/491 [00:09<00:42, 10.01it/s]
[1AComputing reference log probs for train dataset:  14%|█▍        | 71/491 [00:09<00:48,  8.70it/s]
[1AComputing reference log probs for train dataset:  15%|█▍        | 72/491 [00:09<00:49,  8.51it/s]
[1AComputing reference log probs for train dataset:  15%|█▍        | 73/491 [00:09<00:50,  8.20it/s]
[1AComputing reference log probs for train dataset:  15%|█▌        | 75/491 [00:09<00:44,  9.39it/s]
[1AComputing reference log probs for train dataset:  15%|█▌        | 76/491 [00:10<00:44,  9.34it/s]
[1AComputing reference log probs for train dataset:  16%|█▌        | 77/491 [00:10<00:44,  9.30it/s]
[1AComputing reference log probs for train dataset:  16%|█▌        | 79/491 [00:10<00:39, 10.47it/s]
[1AComputing reference log probs for train dataset:  16%|█▋        | 81/491 [00:10<00:42,  9.68it/s]
[1AComputing reference log probs for train dataset:  17%|█▋        | 83/491 [00:10<00:39, 10.40it/s]
[1AComputing reference log probs for train dataset:  17%|█▋        | 85/491 [00:10<00:42,  9.49it/s]
[1AComputing reference log probs for train dataset:  18%|█▊        | 87/491 [00:11<00:43,  9.26it/s]
[1AComputing reference log probs for train dataset:  18%|█▊        | 89/491 [00:11<00:40,  9.85it/s]
[1AComputing reference log probs for train dataset:  19%|█▊        | 91/491 [00:11<00:40,  9.99it/s]
[1AComputing reference log probs for train dataset:  19%|█▉        | 93/491 [00:11<00:38, 10.27it/s]
[1AComputing reference log probs for train dataset:  19%|█▉        | 95/491 [00:11<00:42,  9.37it/s]
[1AComputing reference log probs for train dataset:  20%|█▉        | 96/491 [00:12<00:44,  8.92it/s]
[1AComputing reference log probs for train dataset:  20%|█▉        | 98/491 [00:12<00:41,  9.53it/s]
[1AComputing reference log probs for train dataset:  20%|██        | 99/491 [00:12<00:42,  9.15it/s]
[1AComputing reference log probs for train dataset:  20%|██        | 100/491 [00:12<00:44,  8.82it/s]
[1AComputing reference log probs for train dataset:  21%|██        | 102/491 [00:12<00:45,  8.52it/s]
[1AComputing reference log probs for train dataset:  21%|██        | 103/491 [00:12<00:45,  8.54it/s]
[1AComputing reference log probs for train dataset:  21%|██        | 104/491 [00:13<00:44,  8.76it/s]
[1AComputing reference log probs for train dataset:  21%|██▏       | 105/491 [00:13<00:47,  8.14it/s]
[1AComputing reference log probs for train dataset:  22%|██▏       | 106/491 [00:13<00:46,  8.32it/s]
[1AComputing reference log probs for train dataset:  22%|██▏       | 107/491 [00:13<00:46,  8.21it/s]
[1AComputing reference log probs for train dataset:  22%|██▏       | 108/491 [00:13<00:44,  8.58it/s]
[1AComputing reference log probs for train dataset:  22%|██▏       | 110/491 [00:13<00:43,  8.73it/s]
[1AComputing reference log probs for train dataset:  23%|██▎       | 112/491 [00:13<00:44,  8.54it/s]
[1AComputing reference log probs for train dataset:  23%|██▎       | 113/491 [00:14<00:43,  8.65it/s]
[1AComputing reference log probs for train dataset:  23%|██▎       | 115/491 [00:14<00:43,  8.60it/s]
[1AComputing reference log probs for train dataset:  24%|██▍       | 117/491 [00:14<00:39,  9.52it/s]
[1AComputing reference log probs for train dataset:  24%|██▍       | 119/491 [00:14<00:35, 10.34it/s]
[1AComputing reference log probs for train dataset:  25%|██▍       | 121/491 [00:14<00:37,  9.82it/s]
[1AComputing reference log probs for train dataset:  25%|██▌       | 123/491 [00:15<00:41,  8.93it/s]
[1AComputing reference log probs for train dataset:  25%|██▌       | 125/491 [00:15<00:37,  9.81it/s]
[1AComputing reference log probs for train dataset:  26%|██▌       | 127/491 [00:15<00:37,  9.76it/s]
[1AComputing reference log probs for train dataset:  26%|██▋       | 129/491 [00:15<00:39,  9.13it/s]
[1AComputing reference log probs for train dataset:  27%|██▋       | 131/491 [00:15<00:38,  9.29it/s]
[1AComputing reference log probs for train dataset:  27%|██▋       | 132/491 [00:16<00:39,  8.99it/s]
[1AComputing reference log probs for train dataset:  27%|██▋       | 134/491 [00:16<00:34, 10.49it/s]
[1AComputing reference log probs for train dataset:  28%|██▊       | 136/491 [00:16<00:34, 10.43it/s]
[1AComputing reference log probs for train dataset:  28%|██▊       | 138/491 [00:16<00:34, 10.16it/s]
[1AComputing reference log probs for train dataset:  29%|██▊       | 140/491 [00:16<00:39,  8.85it/s]
[1AComputing reference log probs for train dataset:  29%|██▊       | 141/491 [00:17<00:41,  8.36it/s]
[1AComputing reference log probs for train dataset:  29%|██▉       | 142/491 [00:17<00:41,  8.43it/s]
[1AComputing reference log probs for train dataset:  29%|██▉       | 143/491 [00:17<00:40,  8.66it/s]
[1AComputing reference log probs for train dataset:  29%|██▉       | 144/491 [00:17<00:39,  8.88it/s]
[1AComputing reference log probs for train dataset:  30%|██▉       | 145/491 [00:17<00:42,  8.21it/s]
[1AComputing reference log probs for train dataset:  30%|██▉       | 147/491 [00:17<00:36,  9.33it/s]
[1AComputing reference log probs for train dataset:  30%|███       | 148/491 [00:17<00:36,  9.42it/s]
[1AComputing reference log probs for train dataset:  31%|███       | 150/491 [00:18<00:34,  9.80it/s]
[1AComputing reference log probs for train dataset:  31%|███       | 151/491 [00:18<00:36,  9.23it/s]
[1AComputing reference log probs for train dataset:  31%|███       | 152/491 [00:18<00:40,  8.37it/s]
[1AComputing reference log probs for train dataset:  31%|███       | 153/491 [00:18<00:38,  8.69it/s]
[1AComputing reference log probs for train dataset:  32%|███▏      | 155/491 [00:18<00:31, 10.74it/s]
[1AComputing reference log probs for train dataset:  32%|███▏      | 157/491 [00:18<00:30, 10.89it/s]
[1AComputing reference log probs for train dataset:  32%|███▏      | 159/491 [00:18<00:30, 10.94it/s]
[1AComputing reference log probs for train dataset:  33%|███▎      | 161/491 [00:19<00:28, 11.75it/s]
[1AComputing reference log probs for train dataset:  33%|███▎      | 163/491 [00:19<00:34,  9.42it/s]
[1AComputing reference log probs for train dataset:  34%|███▎      | 165/491 [00:19<00:35,  9.06it/s]
[1AComputing reference log probs for train dataset:  34%|███▍      | 168/491 [00:19<00:27, 11.59it/s]
[1AComputing reference log probs for train dataset:  35%|███▍      | 170/491 [00:19<00:31, 10.28it/s]
[1AComputing reference log probs for train dataset:  35%|███▌      | 172/491 [00:20<00:31, 10.27it/s]
[1AComputing reference log probs for train dataset:  35%|███▌      | 174/491 [00:20<00:29, 10.89it/s]
[1AComputing reference log probs for train dataset:  36%|███▌      | 176/491 [00:20<00:26, 11.74it/s]
[1AComputing reference log probs for train dataset:  36%|███▋      | 178/491 [00:20<00:26, 11.69it/s]
[1AComputing reference log probs for train dataset:  37%|███▋      | 180/491 [00:20<00:30, 10.14it/s]
[1AComputing reference log probs for train dataset:  37%|███▋      | 182/491 [00:21<00:32,  9.38it/s]
[1AComputing reference log probs for train dataset:  37%|███▋      | 183/491 [00:21<00:34,  8.80it/s]
[1AComputing reference log probs for train dataset:  38%|███▊      | 185/491 [00:21<00:31,  9.68it/s]
[1AComputing reference log probs for train dataset:  38%|███▊      | 187/491 [00:21<00:30, 10.08it/s]
[1AComputing reference log probs for train dataset:  38%|███▊      | 189/491 [00:21<00:27, 10.91it/s]
[1AComputing reference log probs for train dataset:  39%|███▉      | 191/491 [00:22<00:30,  9.95it/s]
[1AComputing reference log probs for train dataset:  39%|███▉      | 193/491 [00:22<00:29, 10.25it/s]
[1AComputing reference log probs for train dataset:  40%|███▉      | 195/491 [00:22<00:32,  9.12it/s]
[1AComputing reference log probs for train dataset:  40%|████      | 197/491 [00:22<00:29,  9.81it/s]
[1AComputing reference log probs for train dataset:  41%|████      | 199/491 [00:22<00:29,  9.95it/s]
[1AComputing reference log probs for train dataset:  41%|████      | 201/491 [00:23<00:30,  9.65it/s]
[1AComputing reference log probs for train dataset:  41%|████▏     | 203/491 [00:23<00:30,  9.59it/s]
[1AComputing reference log probs for train dataset:  42%|████▏     | 205/491 [00:23<00:27, 10.23it/s]
[1AComputing reference log probs for train dataset:  42%|████▏     | 207/491 [00:23<00:26, 10.72it/s]
[1AComputing reference log probs for train dataset:  43%|████▎     | 209/491 [00:23<00:23, 11.77it/s]
[1AComputing reference log probs for train dataset:  43%|████▎     | 211/491 [00:23<00:23, 11.91it/s]
[1AComputing reference log probs for train dataset:  43%|████▎     | 213/491 [00:24<00:27, 10.12it/s]
[1AComputing reference log probs for train dataset:  44%|████▍     | 215/491 [00:24<00:30,  8.94it/s]
[1AComputing reference log probs for train dataset:  44%|████▍     | 216/491 [00:24<00:31,  8.71it/s]
[1AComputing reference log probs for train dataset:  44%|████▍     | 217/491 [00:24<00:33,  8.25it/s]
[1AComputing reference log probs for train dataset:  44%|████▍     | 218/491 [00:24<00:32,  8.30it/s]
[1AComputing reference log probs for train dataset:  45%|████▍     | 220/491 [00:25<00:27,  9.68it/s]
[1AComputing reference log probs for train dataset:  45%|████▌     | 221/491 [00:25<00:30,  8.82it/s]
[1AComputing reference log probs for train dataset:  45%|████▌     | 222/491 [00:25<00:31,  8.48it/s]
[1AComputing reference log probs for train dataset:  46%|████▌     | 224/491 [00:25<00:28,  9.32it/s]
[1AComputing reference log probs for train dataset:  46%|████▌     | 226/491 [00:25<00:24, 10.65it/s]
[1AComputing reference log probs for train dataset:  46%|████▋     | 228/491 [00:25<00:22, 11.58it/s]
[1AComputing reference log probs for train dataset:  47%|████▋     | 230/491 [00:25<00:22, 11.84it/s]
[1AComputing reference log probs for train dataset:  47%|████▋     | 232/491 [00:26<00:24, 10.54it/s]
[1AComputing reference log probs for train dataset:  48%|████▊     | 234/491 [00:26<00:28,  9.16it/s]
[1AComputing reference log probs for train dataset:  48%|████▊     | 236/491 [00:26<00:27,  9.14it/s]
[1AComputing reference log probs for train dataset:  48%|████▊     | 237/491 [00:26<00:27,  9.14it/s]
[1AComputing reference log probs for train dataset:  48%|████▊     | 238/491 [00:26<00:27,  9.13it/s]
[1AComputing reference log probs for train dataset:  49%|████▉     | 240/491 [00:27<00:25,  9.80it/s]
[1AComputing reference log probs for train dataset:  49%|████▉     | 242/491 [00:27<00:22, 10.86it/s]
[1AComputing reference log probs for train dataset:  50%|████▉     | 244/491 [00:27<00:25,  9.66it/s]
[1AComputing reference log probs for train dataset:  50%|█████     | 246/491 [00:27<00:24,  9.93it/s]
[1AComputing reference log probs for train dataset:  51%|█████     | 248/491 [00:27<00:24,  9.83it/s]
[1AComputing reference log probs for train dataset:  51%|█████     | 250/491 [00:28<00:27,  8.83it/s]
[1AComputing reference log probs for train dataset:  51%|█████     | 251/491 [00:28<00:28,  8.35it/s]
[1AComputing reference log probs for train dataset:  52%|█████▏    | 253/491 [00:28<00:25,  9.41it/s]
[1AComputing reference log probs for train dataset:  52%|█████▏    | 255/491 [00:28<00:23,  9.90it/s]
[1AComputing reference log probs for train dataset:  52%|█████▏    | 257/491 [00:28<00:24,  9.56it/s]
[1AComputing reference log probs for train dataset:  53%|█████▎    | 258/491 [00:28<00:26,  8.83it/s]
[1AComputing reference log probs for train dataset:  53%|█████▎    | 259/491 [00:29<00:26,  8.65it/s]
[1AComputing reference log probs for train dataset:  53%|█████▎    | 261/491 [00:29<00:22, 10.17it/s]
[1AComputing reference log probs for train dataset:  54%|█████▎    | 263/491 [00:29<00:24,  9.26it/s]
[1AComputing reference log probs for train dataset:  54%|█████▍    | 264/491 [00:29<00:24,  9.35it/s]
[1AComputing reference log probs for train dataset:  54%|█████▍    | 266/491 [00:29<00:23,  9.63it/s]
[1AComputing reference log probs for train dataset:  55%|█████▍    | 268/491 [00:29<00:19, 11.44it/s]
[1AComputing reference log probs for train dataset:  55%|█████▍    | 270/491 [00:30<00:20, 10.90it/s]
[1AComputing reference log probs for train dataset:  55%|█████▌    | 272/491 [00:30<00:24,  9.08it/s]
[1AComputing reference log probs for train dataset:  56%|█████▌    | 274/491 [00:30<00:26,  8.18it/s]
[1AComputing reference log probs for train dataset:  56%|█████▌    | 275/491 [00:30<00:27,  7.85it/s]
[1AComputing reference log probs for train dataset:  56%|█████▋    | 277/491 [00:31<00:24,  8.86it/s]
[1AComputing reference log probs for train dataset:  57%|█████▋    | 279/491 [00:31<00:20, 10.47it/s]
[1AComputing reference log probs for train dataset:  57%|█████▋    | 281/491 [00:31<00:21,  9.81it/s]
[1AComputing reference log probs for train dataset:  58%|█████▊    | 283/491 [00:31<00:20, 10.06it/s]
[1AComputing reference log probs for train dataset:  58%|█████▊    | 285/491 [00:31<00:21,  9.64it/s]
[1AComputing reference log probs for train dataset:  58%|█████▊    | 287/491 [00:32<00:23,  8.51it/s]
[1AComputing reference log probs for train dataset:  59%|█████▉    | 289/491 [00:32<00:20,  9.84it/s]
[1AComputing reference log probs for train dataset:  59%|█████▉    | 291/491 [00:32<00:20,  9.59it/s]
[1AComputing reference log probs for train dataset:  60%|█████▉    | 293/491 [00:32<00:21,  9.30it/s]
[1AComputing reference log probs for train dataset:  60%|█████▉    | 294/491 [00:32<00:22,  8.71it/s]
[1AComputing reference log probs for train dataset:  60%|██████    | 295/491 [00:32<00:22,  8.87it/s]
[1AComputing reference log probs for train dataset:  60%|██████    | 296/491 [00:33<00:23,  8.28it/s]
[1AComputing reference log probs for train dataset:  60%|██████    | 297/491 [00:33<00:24,  7.87it/s]
[1AComputing reference log probs for train dataset:  61%|██████    | 298/491 [00:33<00:25,  7.57it/s]
[1AComputing reference log probs for train dataset:  61%|██████    | 300/491 [00:33<00:20,  9.10it/s]
[1AComputing reference log probs for train dataset:  61%|██████▏   | 301/491 [00:33<00:21,  8.79it/s]
[1AComputing reference log probs for train dataset:  62%|██████▏   | 302/491 [00:33<00:23,  8.18it/s]
[1AComputing reference log probs for train dataset:  62%|██████▏   | 304/491 [00:33<00:18,  9.99it/s]
[1AComputing reference log probs for train dataset:  62%|██████▏   | 306/491 [00:34<00:17, 10.52it/s]
[1AComputing reference log probs for train dataset:  63%|██████▎   | 308/491 [00:34<00:15, 11.47it/s]
[1AComputing reference log probs for train dataset:  63%|██████▎   | 310/491 [00:34<00:18,  9.90it/s]
[1AComputing reference log probs for train dataset:  64%|██████▎   | 312/491 [00:34<00:19,  9.39it/s]
[1AComputing reference log probs for train dataset:  64%|██████▎   | 313/491 [00:34<00:19,  9.09it/s]
[1AComputing reference log probs for train dataset:  64%|██████▍   | 315/491 [00:35<00:17, 10.12it/s]
[1AComputing reference log probs for train dataset:  65%|██████▍   | 317/491 [00:35<00:17, 10.12it/s]
[1AComputing reference log probs for train dataset:  65%|██████▍   | 319/491 [00:35<00:18,  9.21it/s]
[1AComputing reference log probs for train dataset:  65%|██████▌   | 321/491 [00:35<00:17,  9.72it/s]
[1AComputing reference log probs for train dataset:  66%|██████▌   | 322/491 [00:35<00:17,  9.39it/s]
[1AComputing reference log probs for train dataset:  66%|██████▌   | 324/491 [00:35<00:16, 10.36it/s]
[1AComputing reference log probs for train dataset:  66%|██████▋   | 326/491 [00:36<00:16, 10.12it/s]
[1AComputing reference log probs for train dataset:  67%|██████▋   | 328/491 [00:36<00:17,  9.08it/s]
[1AComputing reference log probs for train dataset:  67%|██████▋   | 329/491 [00:36<00:18,  8.56it/s]
[1AComputing reference log probs for train dataset:  67%|██████▋   | 331/491 [00:36<00:17,  9.06it/s]
[1AComputing reference log probs for train dataset:  68%|██████▊   | 332/491 [00:36<00:18,  8.44it/s]
[1AComputing reference log probs for train dataset:  68%|██████▊   | 333/491 [00:37<00:19,  7.98it/s]
[1AComputing reference log probs for train dataset:  68%|██████▊   | 335/491 [00:37<00:17,  8.91it/s]
[1AComputing reference log probs for train dataset:  69%|██████▊   | 337/491 [00:37<00:15, 10.04it/s]
[1AComputing reference log probs for train dataset:  69%|██████▉   | 339/491 [00:37<00:15,  9.99it/s]
[1AComputing reference log probs for train dataset:  69%|██████▉   | 341/491 [00:37<00:15,  9.72it/s]
[1AComputing reference log probs for train dataset:  70%|██████▉   | 343/491 [00:38<00:14, 10.18it/s]
[1AComputing reference log probs for train dataset:  70%|███████   | 345/491 [00:38<00:14,  9.99it/s]
[1AComputing reference log probs for train dataset:  71%|███████   | 347/491 [00:38<00:16,  8.74it/s]
[1AComputing reference log probs for train dataset:  71%|███████   | 349/491 [00:38<00:14, 10.00it/s]
[1AComputing reference log probs for train dataset:  71%|███████▏  | 351/491 [00:38<00:14,  9.85it/s]
[1AComputing reference log probs for train dataset:  72%|███████▏  | 353/491 [00:39<00:13,  9.96it/s]
[1AComputing reference log probs for train dataset:  72%|███████▏  | 355/491 [00:39<00:13, 10.25it/s]
[1AComputing reference log probs for train dataset:  73%|███████▎  | 357/491 [00:39<00:14,  9.30it/s]
[1AComputing reference log probs for train dataset:  73%|███████▎  | 358/491 [00:39<00:15,  8.73it/s]
[1AComputing reference log probs for train dataset:  73%|███████▎  | 360/491 [00:39<00:13, 10.06it/s]
[1AComputing reference log probs for train dataset:  74%|███████▎  | 362/491 [00:40<00:14,  8.74it/s]
[1AComputing reference log probs for train dataset:  74%|███████▍  | 363/491 [00:40<00:15,  8.30it/s]
[1AComputing reference log probs for train dataset:  74%|███████▍  | 365/491 [00:40<00:13,  9.62it/s]
[1AComputing reference log probs for train dataset:  75%|███████▍  | 367/491 [00:40<00:12,  9.98it/s]
[1AComputing reference log probs for train dataset:  75%|███████▌  | 369/491 [00:40<00:12,  9.48it/s]
[1AComputing reference log probs for train dataset:  75%|███████▌  | 370/491 [00:40<00:12,  9.38it/s]
[1AComputing reference log probs for train dataset:  76%|███████▌  | 372/491 [00:41<00:11, 10.69it/s]
[1AComputing reference log probs for train dataset:  76%|███████▌  | 374/491 [00:41<00:12,  9.34it/s]
[1AComputing reference log probs for train dataset:  76%|███████▋  | 375/491 [00:41<00:13,  8.88it/s]
[1AComputing reference log probs for train dataset:  77%|███████▋  | 376/491 [00:41<00:13,  8.49it/s]
[1AComputing reference log probs for train dataset:  77%|███████▋  | 378/491 [00:41<00:12,  9.16it/s]
[1AComputing reference log probs for train dataset:  77%|███████▋  | 379/491 [00:41<00:12,  9.19it/s]
[1AComputing reference log probs for train dataset:  77%|███████▋  | 380/491 [00:42<00:13,  8.47it/s]
[1AComputing reference log probs for train dataset:  78%|███████▊  | 382/491 [00:42<00:11,  9.67it/s]
[1AComputing reference log probs for train dataset:  78%|███████▊  | 383/491 [00:42<00:12,  8.97it/s]
[1AComputing reference log probs for train dataset:  78%|███████▊  | 385/491 [00:42<00:11,  9.47it/s]
[1AComputing reference log probs for train dataset:  79%|███████▉  | 388/491 [00:42<00:08, 12.35it/s]
[1AComputing reference log probs for train dataset:  79%|███████▉  | 390/491 [00:42<00:08, 11.28it/s]
[1AComputing reference log probs for train dataset:  80%|███████▉  | 392/491 [00:43<00:08, 11.52it/s]
[1AComputing reference log probs for train dataset:  80%|████████  | 394/491 [00:43<00:09, 10.13it/s]
[1AComputing reference log probs for train dataset:  81%|████████  | 396/491 [00:43<00:09,  9.72it/s]
[1AComputing reference log probs for train dataset:  81%|████████  | 398/491 [00:43<00:10,  8.96it/s]
[1AComputing reference log probs for train dataset:  81%|████████▏ | 400/491 [00:43<00:09,  9.69it/s]
[1AComputing reference log probs for train dataset:  82%|████████▏ | 402/491 [00:44<00:09,  9.35it/s]
[1AComputing reference log probs for train dataset:  82%|████████▏ | 404/491 [00:44<00:09,  9.15it/s]
[1AComputing reference log probs for train dataset:  83%|████████▎ | 406/491 [00:44<00:08,  9.83it/s]
[1AComputing reference log probs for train dataset:  83%|████████▎ | 408/491 [00:44<00:08,  9.84it/s]
[1AComputing reference log probs for train dataset:  84%|████████▎ | 410/491 [00:45<00:08,  9.47it/s]
[1AComputing reference log probs for train dataset:  84%|████████▎ | 411/491 [00:45<00:08,  9.00it/s]
[1AComputing reference log probs for train dataset:  84%|████████▍ | 413/491 [00:45<00:07, 10.29it/s]
[1AComputing reference log probs for train dataset:  85%|████████▍ | 415/491 [00:45<00:06, 10.99it/s]
[1AComputing reference log probs for train dataset:  85%|████████▍ | 417/491 [00:45<00:06, 11.43it/s]
[1AComputing reference log probs for train dataset:  85%|████████▌ | 419/491 [00:45<00:07,  9.37it/s]
[1AComputing reference log probs for train dataset:  86%|████████▌ | 421/491 [00:46<00:07,  8.94it/s]
[1AComputing reference log probs for train dataset:  86%|████████▌ | 422/491 [00:46<00:07,  8.76it/s]
[1AComputing reference log probs for train dataset:  86%|████████▌ | 423/491 [00:46<00:08,  8.40it/s]
[1AComputing reference log probs for train dataset:  87%|████████▋ | 425/491 [00:46<00:07,  9.12it/s]
[1AComputing reference log probs for train dataset:  87%|████████▋ | 426/491 [00:46<00:07,  9.02it/s]
[1AComputing reference log probs for train dataset:  87%|████████▋ | 427/491 [00:46<00:07,  8.87it/s]
[1AComputing reference log probs for train dataset:  87%|████████▋ | 428/491 [00:46<00:07,  8.72it/s]
[1AComputing reference log probs for train dataset:  87%|████████▋ | 429/491 [00:47<00:07,  8.26it/s]
[1AComputing reference log probs for train dataset:  88%|████████▊ | 430/491 [00:47<00:07,  7.73it/s]
[1AComputing reference log probs for train dataset:  88%|████████▊ | 431/491 [00:47<00:08,  7.39it/s]
[1AComputing reference log probs for train dataset:  88%|████████▊ | 433/491 [00:47<00:06,  8.34it/s]
[1AComputing reference log probs for train dataset:  88%|████████▊ | 434/491 [00:47<00:06,  8.30it/s]
[1AComputing reference log probs for train dataset:  89%|████████▉ | 436/491 [00:47<00:06,  8.97it/s]
[1AComputing reference log probs for train dataset:  89%|████████▉ | 438/491 [00:48<00:05,  9.20it/s]
[1AComputing reference log probs for train dataset:  90%|████████▉ | 440/491 [00:48<00:05,  9.34it/s]
[1AComputing reference log probs for train dataset:  90%|████████▉ | 441/491 [00:48<00:05,  9.30it/s]
[1AComputing reference log probs for train dataset:  90%|█████████ | 442/491 [00:48<00:05,  8.59it/s]
[1AComputing reference log probs for train dataset:  90%|█████████ | 444/491 [00:48<00:05,  9.00it/s]
[1AComputing reference log probs for train dataset:  91%|█████████ | 445/491 [00:48<00:05,  9.15it/s]
[1AComputing reference log probs for train dataset:  91%|█████████ | 446/491 [00:49<00:05,  8.93it/s]
[1AComputing reference log probs for train dataset:  91%|█████████ | 447/491 [00:49<00:04,  8.90it/s]
[1AComputing reference log probs for train dataset:  91%|█████████ | 448/491 [00:49<00:04,  9.08it/s]
[1AComputing reference log probs for train dataset:  91%|█████████▏| 449/491 [00:49<00:05,  8.31it/s]
[1AComputing reference log probs for train dataset:  92%|█████████▏| 451/491 [00:49<00:03, 10.55it/s]
[1AComputing reference log probs for train dataset:  92%|█████████▏| 453/491 [00:49<00:04,  9.08it/s]
[1AComputing reference log probs for train dataset:  93%|█████████▎| 455/491 [00:49<00:03, 10.13it/s]
[1AComputing reference log probs for train dataset:  93%|█████████▎| 457/491 [00:50<00:03,  9.81it/s]
[1AComputing reference log probs for train dataset:  93%|█████████▎| 459/491 [00:50<00:03,  9.49it/s]
[1AComputing reference log probs for train dataset:  94%|█████████▎| 460/491 [00:50<00:03,  9.39it/s]
[1AComputing reference log probs for train dataset:  94%|█████████▍| 461/491 [00:50<00:03,  9.43it/s]
[1AComputing reference log probs for train dataset:  94%|█████████▍| 463/491 [00:50<00:03,  9.32it/s]
[1AComputing reference log probs for train dataset:  95%|█████████▍| 465/491 [00:51<00:02,  9.69it/s]
[1AComputing reference log probs for train dataset:  95%|█████████▌| 467/491 [00:51<00:02, 10.94it/s]
[1AComputing reference log probs for train dataset:  96%|█████████▌| 469/491 [00:51<00:02, 10.94it/s]
[1AComputing reference log probs for train dataset:  96%|█████████▌| 471/491 [00:51<00:01, 11.06it/s]
[1AComputing reference log probs for train dataset:  96%|█████████▋| 473/491 [00:51<00:01, 10.67it/s]
[1AComputing reference log probs for train dataset:  97%|█████████▋| 475/491 [00:51<00:01,  9.82it/s]
[1AComputing reference log probs for train dataset:  97%|█████████▋| 477/491 [00:52<00:01,  8.93it/s]
[1AComputing reference log probs for train dataset:  97%|█████████▋| 478/491 [00:52<00:01,  8.45it/s]
[1AComputing reference log probs for train dataset:  98%|█████████▊| 479/491 [00:52<00:01,  8.19it/s]
[1AComputing reference log probs for train dataset:  98%|█████████▊| 480/491 [00:52<00:01,  8.21it/s]
[1AComputing reference log probs for train dataset:  98%|█████████▊| 482/491 [00:52<00:01,  8.31it/s]
[1AComputing reference log probs for train dataset:  99%|█████████▊| 484/491 [00:53<00:00,  9.32it/s]
[1AComputing reference log probs for train dataset:  99%|█████████▉| 486/491 [00:53<00:00,  9.33it/s]
[1AComputing reference log probs for train dataset:  99%|█████████▉| 488/491 [00:53<00:00, 11.08it/s]
[1AComputing reference log probs for train dataset: 100%|█████████▉| 490/491 [00:53<00:00, 11.45it/s]Computing reference log probs for train dataset: 100%|██████████| 491/491 [00:53<00:00,  9.16it/s]

[1ACaching reference log probs for train dataset:   0%|          | 0/1963 [00:00<?, ? examples/s]Caching reference log probs for train dataset: 100%|██████████| 1963/1963 [00:00<00:00, 48415.36 examples/s]

[1AFlattening the indices:   0%|          | 0/1963 [00:00<?, ? examples/s]
[1AFlattening the indices: 100%|██████████| 1963/1963 [00:00<00:00, 8673.68 examples/s]
[1AFlattening the indices: 100%|██████████| 1963/1963 [00:00<00:00, 8370.75 examples/s]

[1AFlattening the indices:   0%|          | 0/1963 [00:00<?, ? examples/s]Flattening the indices: 100%|██████████| 1963/1963 [00:00<00:00, 250050.68 examples/s]
time-lapse snapshots at [3, 5, 6, 9, 10, 12]

[1A  0%|          | 0/12 [00:00<?, ?it/s]
[1A  8%|▊         | 1/12 [00:15<02:51, 15.55s/it]
[1A 17%|█▋        | 2/12 [00:28<02:21, 14.20s/it]

[1A
[1AWriting model shards:   0%|          | 0/1 [00:00<?, ?it/s][A

[1AWriting model shards: 100%|██████████| 1/1 [00:04<00:00,  4.42s/it][AWriting model shards: 100%|██████████| 1/1 [00:04<00:00,  4.42s/it]
snapshot saved: /vol/runs/dpo-smoke/snapshots/step-00003

[1A 25%|██▌       | 3/12 [00:48<02:30, 16.74s/it]
[1A 33%|███▎      | 4/12 [01:01<02:01, 15.23s/it]

[1A
[1AWriting model shards:   0%|          | 0/1 [00:00<?, ?it/s][A

[1A
[1AWriting model shards: 100%|██████████| 1/1 [00:04<00:00,  4.43s/it][A
[1AWriting model shards: 100%|██████████| 1/1 [00:04<00:00,  4.43s/it]
snapshot saved: /vol/runs/dpo-smoke/snapshots/step-00005

[1A 42%|████▏     | 5/12 [01:19<01:52, 16.07s/it]
[1A                                              
{'loss': '0.6929', 'grad_norm': '13.14', 'learning_rate': '2e-06', 'entropy': '1.566', 'num_tokens': '8.468e+05', 'logits/chosen': '-18.74', 'logits/rejected': '-17.97', 'mean_token_accuracy': '0.6542', 'rewards/chosen': '-0.08611', 'rewards/rejected': '-0.1421', 'rewards/accuracies': '0.4125', 'rewards/margins': '0.05594', 'logps/chosen': '-617.9', 'logps/rejected': '-701.7', 'epoch': '0.3259'}
[1A
[1A 42%|████▏     | 5/12 [01:19<01:52, 16.07s/it]

[1A
[1AWriting model shards:   0%|          | 0/1 [00:00<?, ?it/s][A

[1AWriting model shards: 100%|██████████| 1/1 [00:04<00:00,  4.64s/it][AWriting model shards: 100%|██████████| 1/1 [00:04<00:00,  4.64s/it]
snapshot saved: /vol/runs/dpo-smoke/snapshots/step-00006

[1A 50%|█████     | 6/12 [01:36<01:39, 16.64s/it]
[1A 58%|█████▊    | 7/12 [01:50<01:18, 15.77s/it]
[1A 67%|██████▋   | 8/12 [02:04<01:00, 15.20s/it]

[1A
[1AWriting model shards:   0%|          | 0/1 [00:00<?, ?it/s][A

[1AWriting model shards: 100%|██████████| 1/1 [00:04<00:00,  4.61s/it][AWriting model shards: 100%|██████████| 1/1 [00:04<00:00,  4.61s/it]
snapshot saved: /vol/runs/dpo-smoke/snapshots/step-00009

[1A 75%|███████▌  | 9/12 [02:21<00:47, 15.77s/it]

[1A
[1AWriting model shards:   0%|          | 0/1 [00:00<?, ?it/s][A

[1A
[1AWriting model shards: 100%|██████████| 1/1 [00:05<00:00,  5.89s/it][AWriting model shards: 100%|██████████| 1/1 [00:05<00:00,  5.89s/it]
snapshot saved: /vol/runs/dpo-smoke/snapshots/step-00010

[1A 83%|████████▎ | 10/12 [02:41<00:34, 17.01s/it]                                               
{'loss': '0.6917', 'grad_norm': '6.834', 'learning_rate': '7.5e-07', 'entropy': '1.576', 'num_tokens': '1.7e+06', 'logits/chosen': '-18.9', 'logits/rejected': '-18.18', 'mean_token_accuracy': '0.6514', 'rewards/chosen': '0.2448', 'rewards/rejected': '-0.6136', 'rewards/accuracies': '0.5891', 'rewards/margins': '0.8584', 'logps/chosen': '-676.8', 'logps/rejected': '-723.5', 'epoch': '0.6517'}
[1A
[1A 83%|████████▎ | 10/12 [02:41<00:34, 17.01s/it]
[1A 92%|█████████▏| 11/12 [02:54<00:15, 15.66s/it]

[1A
[1AWriting model shards:   0%|          | 0/1 [00:00<?, ?it/s][A

[1AWriting model shards: 100%|██████████| 1/1 [00:04<00:00,  4.85s/it][A
[1AWriting model shards: 100%|██████████| 1/1 [00:04<00:00,  4.85s/it]
snapshot saved: /vol/runs/dpo-smoke/snapshots/step-00012

[1A100%|██████████| 12/12 [03:11<00:00, 16.24s/it]

[1A
[1AWriting model shards:   0%|          | 0/1 [00:00<?, ?it/s][A

[1A
[1AWriting model shards: 100%|██████████| 1/1 [00:08<00:00,  8.79s/it][AWriting model shards: 100%|██████████| 1/1 [00:08<00:00,  8.79s/it]
                                               
{'train_runtime': '223.8', 'train_samples_per_second': '6.863', 'train_steps_per_second': '0.054', 'train_loss': '0.6917', 'entropy': '1.555', 'num_tokens': '2.017e+06', 'logits/chosen': '-18.55', 'logits/rejected': '-18.19', 'mean_token_accuracy': '0.6461', 'rewards/chosen': '0.2732', 'rewards/rejected': '-0.2473', 'rewards/accuracies': '0.4961', 'rewards/margins': '0.5206', 'logps/chosen': '-591.7', 'logps/rejected': '-649', 'epoch': '0.7821'}
[1A
[1A100%|██████████| 12/12 [03:43<00:00, 16.24s/it]
[1A100%|██████████| 12/12 [03:43<00:00, 18.65s/it]
Stopping app - local entrypoint completed.
Runner terminated.
✓ App completed. View run at 
https://modal.com/apps/denniskoshta/main/ap-DrqvTiteSpdYnlzGEsTGqU
