✓ Initialized. View run at 
https://modal.com/apps/denniskoshta/main/ap-UUajEzZBdCLVb1gjzXlZh4
Building image im-QguTtGqz7FOFihLkgmLNUY

=> Step 0: FROM base

=> Step 1: ENV HF_HOME=/vol/hf

=> Step 2: ENV HF_XET_HIGH_PERFORMANCE=1

=> Step 3: ENV PYTORCH_CUDA_ALLOC_CONF=expandable_segments:True
Saving image...
Image saved, took 1.70s

Built image im-QguTtGqz7FOFihLkgmLNUY in 2.42s


✓ Created objects.
├── ✓ Uploaded /home/dennis/projects/upbringing/spike/modal_spike.py
├── ✓ Uploaded PythonPackage:upbringing
├── ✓ Created Function sft_timing.
└── ✓ Created Function grpo_timing.

[1ALoading weights:   0%|          | 0/434 [00:00<?, ?it/s]
[1ALoading weights:   0%|          | 1/434 [00:01<12:27,  1.73s/it]
[1ALoading weights:  29%|██▉       | 125/434 [00:01<00:03, 95.16it/s]
[1ALoading weights:  45%|████▌     | 197/434 [00:02<00:01, 118.70it/s]
[1ALoading weights:  56%|█████▌    | 244/434 [00:05<00:04, 42.65it/s] 
[1ALoading weights: 100%|██████████| 434/434 [00:05<00:00, 86.20it/s]
[RANK 0] Detected kernel version 4.19.0, which is below the recommended minimum of 5.5.0; this can cause the process to hang. It is recommended to upgrade the kernel to the minimum version or higher.

[1ALoading weights:   0%|          | 0/434 [00:00<?, ?it/s]
[1ALoading weights:   0%|          | 1/434 [00:00<05:47,  1.25it/s]
[1ALoading weights:  21%|██        | 89/434 [00:00<00:02, 133.86it/s]
[1ALoading weights:  32%|███▏      | 141/434 [00:01<00:01, 161.70it/s]
[1ALoading weights:  41%|████      | 179/434 [00:01<00:01, 172.68it/s]
[1ALoading weights:  48%|████▊     | 210/434 [00:01<00:01, 175.32it/s]
[1ALoading weights:  55%|█████▍    | 237/434 [00:01<00:01, 185.21it/s]
[1ALoading weights:  60%|██████    | 262/434 [00:01<00:00, 184.91it/s]
[1ALoading weights:  66%|██████▌   | 285/434 [00:01<00:00, 178.82it/s]
[1ALoading weights:  71%|███████   | 306/434 [00:02<00:00, 173.46it/s]
[1ALoading weights:  76%|███████▌  | 328/434 [00:02<00:00, 176.67it/s]
[1ALoading weights:  80%|████████  | 348/434 [00:02<00:00, 180.02it/s]
[1ALoading weights:  85%|████████▍ | 368/434 [00:02<00:00, 170.21it/s]
[1ALoading weights:  89%|████████▉ | 387/434 [00:02<00:00, 165.24it/s]
[1ALoading weights:  95%|█████████▍| 411/434 [00:02<00:00, 176.39it/s]
[1ALoading weights: 100%|██████████| 434/434 [00:02<00:00, 160.71it/s]

[1AParse safetensors files:   0%|          | 0/2 [00:00<?, ?it/s]
[1AParse safetensors files:  50%|█████     | 1/2 [00:00<00:00,  2.64it/s]
[1AParse safetensors files: 100%|██████████| 2/2 [00:00<00:00,  4.57it/s]
Loading safetensors checkpoint shards:   0% Completed | 0/2 [00:00<?, ?it/s]
Loading safetensors checkpoint shards:  50% Completed | 1/2 [00:00<00:00,  1.06it/s]
Loading safetensors checkpoint shards: 100% Completed | 2/2 [00:01<00:00,  1.29it/s]
Loading safetensors checkpoint shards: 100% Completed | 2/2 [00:01<00:00,  1.25it/s]


[1ACapturing CUDA graphs (PIECEWISE):   0%|          | 0/35 [00:00<?, ?it/s]
[1ACapturing CUDA graphs (PIECEWISE):   3%|▎         | 1/35 [00:00<00:07,  4.39it/s]
[1ACapturing CUDA graphs (PIECEWISE):   9%|▊         | 3/35 [00:00<00:04,  7.75it/s]
[1ACapturing CUDA graphs (PIECEWISE):  14%|█▍        | 5/35 [00:00<00:03,  9.11it/s]
[1ACapturing CUDA graphs (PIECEWISE):  20%|██        | 7/35 [00:00<00:02,  9.87it/s]
[1ACapturing CUDA graphs (PIECEWISE):  26%|██▌       | 9/35 [00:01<00:02,  9.53it/s]
[1ACapturing CUDA graphs (PIECEWISE):  29%|██▊       | 10/35 [00:01<00:02,  8.84it/s]
[1ACapturing CUDA graphs (PIECEWISE):  34%|███▍      | 12/35 [00:01<00:02,  9.10it/s]
[1ACapturing CUDA graphs (PIECEWISE):  37%|███▋      | 13/35 [00:01<00:02,  9.26it/s]
[1ACapturing CUDA graphs (PIECEWISE):  43%|████▎     | 15/35 [00:01<00:02,  9.65it/s]
[1ACapturing CUDA graphs (PIECEWISE):  46%|████▌     | 16/35 [00:01<00:02,  7.43it/s]
[1ACapturing CUDA graphs (PIECEWISE):  51%|█████▏    | 18/35 [00:02<00:01,  8.78it/s]
[1ACapturing CUDA graphs (PIECEWISE):  54%|█████▍    | 19/35 [00:02<00:01,  8.57it/s]
[1ACapturing CUDA graphs (PIECEWISE):  60%|██████    | 21/35 [00:02<00:01, 10.23it/s]
[1ACapturing CUDA graphs (PIECEWISE):  66%|██████▌   | 23/35 [00:02<00:01, 11.62it/s]
[1ACapturing CUDA graphs (PIECEWISE):  71%|███████▏  | 25/35 [00:02<00:00, 12.53it/s]
[1ACapturing CUDA graphs (PIECEWISE):  77%|███████▋  | 27/35 [00:02<00:00, 13.28it/s]
[1ACapturing CUDA graphs (PIECEWISE):  83%|████████▎ | 29/35 [00:02<00:00, 13.67it/s]
[1ACapturing CUDA graphs (PIECEWISE):  89%|████████▊ | 31/35 [00:02<00:00, 14.28it/s]
[1ACapturing CUDA graphs (PIECEWISE):  94%|█████████▍| 33/35 [00:03<00:00, 13.24it/s]
[1ACapturing CUDA graphs (PIECEWISE): 100%|██████████| 35/35 [00:03<00:00, 10.81it/s]

[1ACapturing CUDA graphs (FULL):   0%|          | 0/2 [00:00<?, ?it/s]
[1ACapturing CUDA graphs (FULL): 100%|██████████| 2/2 [00:00<00:00, 24.96it/s]

[1ACapturing CUDA graphs (PIECEWISE):   0%|          | 0/35 [00:00<?, ?it/s]
[1ACapturing CUDA graphs (PIECEWISE):   3%|▎         | 1/35 [00:00<00:06,  5.19it/s]
[1ACapturing CUDA graphs (PIECEWISE):   9%|▊         | 3/35 [00:00<00:04,  7.75it/s]
[1ACapturing CUDA graphs (PIECEWISE):  14%|█▍        | 5/35 [00:00<00:03,  9.47it/s]
[1ACapturing CUDA graphs (PIECEWISE):  20%|██        | 7/35 [00:00<00:02, 10.81it/s]
[1ACapturing CUDA graphs (PIECEWISE):  26%|██▌       | 9/35 [00:00<00:02, 11.21it/s]
[1ACapturing CUDA graphs (PIECEWISE):  31%|███▏      | 11/35 [00:01<00:01, 12.46it/s]
[1ACapturing CUDA graphs (PIECEWISE):  37%|███▋      | 13/35 [00:01<00:01, 13.41it/s]
[1ACapturing CUDA graphs (PIECEWISE):  43%|████▎     | 15/35 [00:01<00:01, 11.69it/s]
[1ACapturing CUDA graphs (PIECEWISE):  49%|████▊     | 17/35 [00:01<00:01, 12.47it/s]
[1ACapturing CUDA graphs (PIECEWISE):  54%|█████▍    | 19/35 [00:01<00:01, 11.95it/s]
[1ACapturing CUDA graphs (PIECEWISE):  60%|██████    | 21/35 [00:01<00:01, 13.36it/s]
[1ACapturing CUDA graphs (PIECEWISE):  66%|██████▌   | 23/35 [00:02<00:01, 11.02it/s]
[1ACapturing CUDA graphs (PIECEWISE):  71%|███████▏  | 25/35 [00:02<00:00, 11.54it/s]
[1ACapturing CUDA graphs (PIECEWISE):  77%|███████▋  | 27/35 [00:02<00:00, 10.61it/s]
[1ACapturing CUDA graphs (PIECEWISE):  83%|████████▎ | 29/35 [00:02<00:00, 11.42it/s]
[1ACapturing CUDA graphs (PIECEWISE):  91%|█████████▏| 32/35 [00:02<00:00, 14.62it/s]
[1ACapturing CUDA graphs (PIECEWISE): 100%|██████████| 35/35 [00:02<00:00, 16.88it/s]
[1ACapturing CUDA graphs (PIECEWISE): 100%|██████████| 35/35 [00:02<00:00, 12.45it/s]

[1ACapturing CUDA graphs (FULL):   0%|          | 0/19 [00:00<?, ?it/s]
[1ACapturing CUDA graphs (FULL):  21%|██        | 4/19 [00:00<00:00, 36.88it/s]
[1ACapturing CUDA graphs (FULL):  42%|████▏     | 8/19 [00:00<00:00, 36.99it/s]
[1ACapturing CUDA graphs (FULL):  63%|██████▎   | 12/19 [00:00<00:00, 36.90it/s]
[1ACapturing CUDA graphs (FULL):  84%|████████▍ | 16/19 [00:00<00:00, 34.36it/s]
[1ACapturing CUDA graphs (FULL): 100%|██████████| 19/19 [00:00<00:00, 35.15it/s]

[1A  0%|          | 0/12 [00:00<?, ?it/s]
{"t": 1791319646.647443, "step": 1, "loss": -0.054372239857912064, "grad_norm": 0.3705972135066986, "learning_rate": 1e-06, "num_tokens": 79013.0, "completions/mean_length": 474.2265625, "completions/min_length": 56.0, "completions/max_length": 1024.0, "completions/clipped_ratio": 0.2109375, "completions/mean_terminated_length": 327.2574157714844, "completions/min_terminated_length": 56.0, "completions/max_terminated_length": 980.0, "rewards/correctness_reward/mean": 0.015625, "rewards/correctness_reward/std": 0.12450689822435379, "rewards/format_reward/mean": 0.08203125, "rewards/format_reward/std": 0.03854355216026306, "reward": 0.09765625, "reward_std": 0.13248968124389648, "frac_reward_zero_std": 0.25, "sampling/sampling_logp_difference/mean": 0.01562174130231142, "sampling/sampling_logp_difference/max": 0.37467432022094727, "sampling/importance_sampling_ratio/min": 0.0, "sampling/importance_sampling_ratio/mean": 0.8070036768913269, "sampling/importance_sampling_ratio/max": 2.340648651123047, "kl": 0.0, "entropy": 1.054490227252245, "clip_ratio/low_mean": 0.0, "clip_ratio/high_mean": 0.0, "clip_ratio/region_mean": 0.0, "clip_ratio/low_min": 0.0, "clip_ratio/high_max": 0.0, "step_time": 21.46466365899998, "epoch": 0.008}
[1A  8%|▊         | 1/12 [00:22<04:08, 22.63s/it]
[1A                                              
{'loss': '-0.05437', 'grad_norm': '0.3706', 'learning_rate': '1e-06', 'num_tokens': '7.901e+04', 'completions/mean_length': '474.2', 'completions/min_length': '56', 'completions/max_length': '1024', 'completions/clipped_ratio': '0.2109', 'completions/mean_terminated_length': '327.3', 'completions/min_terminated_length': '56', 'completions/max_terminated_length': '980', 'rewards/correctness_reward/mean': '0.01562', 'rewards/correctness_reward/std': '0.1245', 'rewards/format_reward/mean': '0.08203', 'rewards/format_reward/std': '0.03854', 'reward': '0.09766', 'reward_std': '0.1325', 'frac_reward_zero_std': '0.25', 'sampling/sampling_logp_difference/mean': '0.01562', 'sampling/sampling_logp_difference/max': '0.3747', 'sampling/importance_sampling_ratio/min': '0', 'sampling/importance_sampling_ratio/mean': '0.807', 'sampling/importance_sampling_ratio/max': '2.341', 'kl': '0', 'entropy': '1.054', 'clip_ratio/low_mean': '0', 'clip_ratio/high_mean': '0', 'clip_ratio/region_mean': '0', 'clip_ratio/low_min': '0', 'clip_ratio/high_max': '0', 'step_time': '21.46', 'epoch': '0.008'}
[1A
[1A  8%|▊         | 1/12 [00:22<04:08, 22.63s/it]
{"t": 1791319667.940398, "step": 2, "loss": -0.014362413436174393, "grad_norm": 0.43567153811454773, "learning_rate": 9.166666666666665e-07, "num_tokens": 154055.0, "completions/mean_length": 443.140625, "completions/min_length": 50.0, "completions/max_length": 1024.0, "completions/clipped_ratio": 0.1484375, "completions/mean_terminated_length": 341.889892578125, "completions/min_terminated_length": 50.0, "completions/max_terminated_length": 1000.0, "rewards/correctness_reward/mean": 0.015625, "rewards/correctness_reward/std": 0.12450689822435379, "rewards/format_reward/mean": 0.08671875298023224, "rewards/format_reward/std": 0.03407054394483566, "reward": 0.10234375298023224, "reward_std": 0.13069459795951843, "frac_reward_zero_std": 0.125, "sampling/sampling_logp_difference/mean": 0.016380636021494865, "sampling/sampling_logp_difference/max": 0.35599756240844727, "sampling/importance_sampling_ratio/min": 0.0, "sampling/importance_sampling_ratio/mean": 0.7994581460952759, "sampling/importance_sampling_ratio/max": 2.101351737976074, "kl": 0.0004397297198011074, "entropy": 1.0831611156463623, "clip_ratio/low_mean": 0.0, "clip_ratio/high_mean": 0.0, "clip_ratio/region_mean": 0.0, "clip_ratio/low_min": 0.0, "clip_ratio/high_max": 0.0, "step_time": 20.142143495000056, "epoch": 0.016}
[1A 17%|█▋        | 2/12 [00:43<03:38, 21.84s/it]
[1A                                              
{'loss': '-0.01436', 'grad_norm': '0.4357', 'learning_rate': '9.167e-07', 'num_tokens': '1.541e+05', 'completions/mean_length': '443.1', 'completions/min_length': '50', 'completions/max_length': '1024', 'completions/clipped_ratio': '0.1484', 'completions/mean_terminated_length': '341.9', 'completions/min_terminated_length': '50', 'completions/max_terminated_length': '1000', 'rewards/correctness_reward/mean': '0.01562', 'rewards/correctness_reward/std': '0.1245', 'rewards/format_reward/mean': '0.08672', 'rewards/format_reward/std': '0.03407', 'reward': '0.1023', 'reward_std': '0.1307', 'frac_reward_zero_std': '0.125', 'sampling/sampling_logp_difference/mean': '0.01638', 'sampling/sampling_logp_difference/max': '0.356', 'sampling/importance_sampling_ratio/min': '0', 'sampling/importance_sampling_ratio/mean': '0.7995', 'sampling/importance_sampling_ratio/max': '2.101', 'kl': '0.0004397', 'entropy': '1.083', 'clip_ratio/low_mean': '0', 'clip_ratio/high_mean': '0', 'clip_ratio/region_mean': '0', 'clip_ratio/low_min': '0', 'clip_ratio/high_max': '0', 'step_time': '20.14', 'epoch': '0.016'}
[1A
[1A 17%|█▋        | 2/12 [00:43<03:38, 21.84s/it]
{"t": 1791319689.1625752, "step": 3, "loss": 0.041687339544296265, "grad_norm": 0.4419507384300232, "learning_rate": 8.333333333333333e-07, "num_tokens": 233019.0, "completions/mean_length": 473.59375, "completions/min_length": 47.0, "completions/max_length": 1024.0, "completions/clipped_ratio": 0.21875, "completions/mean_terminated_length": 319.47998046875, "completions/min_terminated_length": 47.0, "completions/max_terminated_length": 973.0, "rewards/correctness_reward/mean": 0.0078125, "rewards/correctness_reward/std": 0.0883883461356163, "rewards/format_reward/mean": 0.08515625447034836, "rewards/format_reward/std": 0.03569301217794418, "reward": 0.09296874701976776, "reward_std": 0.09654145687818527, "frac_reward_zero_std": 0.375, "sampling/sampling_logp_difference/mean": 0.0157984159886837, "sampling/sampling_logp_difference/max": 0.5271579027175903, "sampling/importance_sampling_ratio/min": 0.0, "sampling/importance_sampling_ratio/mean": 0.914505660533905, "sampling/importance_sampling_ratio/max": 2.8093292713165283, "kl": 0.000445999154180754, "entropy": 1.1324505880475044, "clip_ratio/low_mean": 0.0, "clip_ratio/high_mean": 0.0, "clip_ratio/region_mean": 0.0, "clip_ratio/low_min": 0.0, "clip_ratio/high_max": 0.0, "step_time": 20.065337135999897, "epoch": 0.024}
[1A 25%|██▌       | 3/12 [01:05<03:14, 21.56s/it]
[1A                                              
{'loss': '0.04169', 'grad_norm': '0.442', 'learning_rate': '8.333e-07', 'num_tokens': '2.33e+05', 'completions/mean_length': '473.6', 'completions/min_length': '47', 'completions/max_length': '1024', 'completions/clipped_ratio': '0.2188', 'completions/mean_terminated_length': '319.5', 'completions/min_terminated_length': '47', 'completions/max_terminated_length': '973', 'rewards/correctness_reward/mean': '0.007812', 'rewards/correctness_reward/std': '0.08839', 'rewards/format_reward/mean': '0.08516', 'rewards/format_reward/std': '0.03569', 'reward': '0.09297', 'reward_std': '0.09654', 'frac_reward_zero_std': '0.375', 'sampling/sampling_logp_difference/mean': '0.0158', 'sampling/sampling_logp_difference/max': '0.5272', 'sampling/importance_sampling_ratio/min': '0', 'sampling/importance_sampling_ratio/mean': '0.9145', 'sampling/importance_sampling_ratio/max': '2.809', 'kl': '0.000446', 'entropy': '1.132', 'clip_ratio/low_mean': '0', 'clip_ratio/high_mean': '0', 'clip_ratio/region_mean': '0', 'clip_ratio/low_min': '0', 'clip_ratio/high_max': '0', 'step_time': '20.07', 'epoch': '0.024'}
[1A
[1A 25%|██▌       | 3/12 [01:05<03:14, 21.56s/it]
{"t": 1791319710.3286543, "step": 4, "loss": -0.03013947233557701, "grad_norm": 0.6111279129981995, "learning_rate": 7.5e-07, "num_tokens": 309930.0, "completions/mean_length": 456.5546875, "completions/min_length": 55.0, "completions/max_length": 1024.0, "completions/clipped_ratio": 0.1640625, "completions/mean_terminated_length": 345.1869201660156, "completions/min_terminated_length": 55.0, "completions/max_terminated_length": 940.0, "rewards/correctness_reward/mean": 0.015625, "rewards/correctness_reward/std": 0.12450689822435379, "rewards/format_reward/mean": 0.08750000596046448, "rewards/format_reward/std": 0.03320183977484703, "reward": 0.10312500596046448, "reward_std": 0.13037650287151337, "frac_reward_zero_std": 0.375, "sampling/sampling_logp_difference/mean": 0.016844335943460464, "sampling/sampling_logp_difference/max": 0.42291760444641113, "sampling/importance_sampling_ratio/min": 0.0, "sampling/importance_sampling_ratio/mean": 0.8187767267227173, "sampling/importance_sampling_ratio/max": 2.833493947982788, "kl": 0.0004705992905655876, "entropy": 1.1658806130290031, "clip_ratio/low_mean": 0.0, "clip_ratio/high_mean": 0.0, "clip_ratio/region_mean": 0.0, "clip_ratio/low_min": 0.0, "clip_ratio/high_max": 0.0, "step_time": 20.019118039999995, "epoch": 0.032}
[1A 33%|███▎      | 4/12 [01:26<02:51, 21.40s/it]                                              
{'loss': '-0.03014', 'grad_norm': '0.6111', 'learning_rate': '7.5e-07', 'num_tokens': '3.099e+05', 'completions/mean_length': '456.6', 'completions/min_length': '55', 'completions/max_length': '1024', 'completions/clipped_ratio': '0.1641', 'completions/mean_terminated_length': '345.2', 'completions/min_terminated_length': '55', 'completions/max_terminated_length': '940', 'rewards/correctness_reward/mean': '0.01562', 'rewards/correctness_reward/std': '0.1245', 'rewards/format_reward/mean': '0.0875', 'rewards/format_reward/std': '0.0332', 'reward': '0.1031', 'reward_std': '0.1304', 'frac_reward_zero_std': '0.375', 'sampling/sampling_logp_difference/mean': '0.01684', 'sampling/sampling_logp_difference/max': '0.4229', 'sampling/importance_sampling_ratio/min': '0', 'sampling/importance_sampling_ratio/mean': '0.8188', 'sampling/importance_sampling_ratio/max': '2.833', 'kl': '0.0004706', 'entropy': '1.166', 'clip_ratio/low_mean': '0', 'clip_ratio/high_mean': '0', 'clip_ratio/region_mean': '0', 'clip_ratio/low_min': '0', 'clip_ratio/high_max': '0', 'step_time': '20.02', 'epoch': '0.032'}
[1A
[1A 33%|███▎      | 4/12 [01:26<02:51, 21.40s/it]
{"t": 1791319731.57878, "step": 5, "loss": 0.017456861212849617, "grad_norm": 0.5039385557174683, "learning_rate": 6.666666666666666e-07, "num_tokens": 390441.0, "completions/mean_length": 484.8046875, "completions/min_length": 33.0, "completions/max_length": 1024.0, "completions/clipped_ratio": 0.21875, "completions/mean_terminated_length": 333.8299865722656, "completions/min_terminated_length": 33.0, "completions/max_terminated_length": 947.0, "rewards/correctness_reward/mean": 0.0234375, "rewards/correctness_reward/std": 0.15188287198543549, "rewards/format_reward/mean": 0.08828125149011612, "rewards/format_reward/std": 0.0322907418012619, "reward": 0.11171875894069672, "reward_std": 0.15705011785030365, "frac_reward_zero_std": 0.4375, "sampling/sampling_logp_difference/mean": 0.01621234230697155, "sampling/sampling_logp_difference/max": 0.27262115478515625, "sampling/importance_sampling_ratio/min": 0.0, "sampling/importance_sampling_ratio/mean": 0.9286798238754272, "sampling/importance_sampling_ratio/max": 2.9356229305267334, "kl": 0.000477325434985687, "entropy": 1.1572804413735867, "clip_ratio/low_mean": 0.0, "clip_ratio/high_mean": 0.0, "clip_ratio/region_mean": 0.0, "clip_ratio/low_min": 0.0, "clip_ratio/high_max": 0.0, "step_time": 20.087998580999994, "epoch": 0.04}
[1A 42%|████▏     | 5/12 [01:47<02:29, 21.35s/it]
[1A                                              
{'loss': '0.01746', 'grad_norm': '0.5039', 'learning_rate': '6.667e-07', 'num_tokens': '3.904e+05', 'completions/mean_length': '484.8', 'completions/min_length': '33', 'completions/max_length': '1024', 'completions/clipped_ratio': '0.2188', 'completions/mean_terminated_length': '333.8', 'completions/min_terminated_length': '33', 'completions/max_terminated_length': '947', 'rewards/correctness_reward/mean': '0.02344', 'rewards/correctness_reward/std': '0.1519', 'rewards/format_reward/mean': '0.08828', 'rewards/format_reward/std': '0.03229', 'reward': '0.1117', 'reward_std': '0.1571', 'frac_reward_zero_std': '0.4375', 'sampling/sampling_logp_difference/mean': '0.01621', 'sampling/sampling_logp_difference/max': '0.2726', 'sampling/importance_sampling_ratio/min': '0', 'sampling/importance_sampling_ratio/mean': '0.9287', 'sampling/importance_sampling_ratio/max': '2.936', 'kl': '0.0004773', 'entropy': '1.157', 'clip_ratio/low_mean': '0', 'clip_ratio/high_mean': '0', 'clip_ratio/region_mean': '0', 'clip_ratio/low_min': '0', 'clip_ratio/high_max': '0', 'step_time': '20.09', 'epoch': '0.04'}
[1A
[1A 42%|████▏     | 5/12 [01:47<02:29, 21.35s/it]
{"t": 1791319752.8632193, "step": 6, "loss": -0.03434450924396515, "grad_norm": 0.5828776955604553, "learning_rate": 5.833333333333334e-07, "num_tokens": 469799.0, "completions/mean_length": 475.359375, "completions/min_length": 58.0, "completions/max_length": 1024.0, "completions/clipped_ratio": 0.171875, "completions/mean_terminated_length": 361.4905700683594, "completions/min_terminated_length": 58.0, "completions/max_terminated_length": 967.0, "rewards/correctness_reward/mean": 0.015625, "rewards/correctness_reward/std": 0.12450689822435379, "rewards/format_reward/mean": 0.08437500894069672, "rewards/format_reward/std": 0.03645189106464386, "reward": 0.10000000149011612, "reward_std": 0.1316162347793579, "frac_reward_zero_std": 0.125, "sampling/sampling_logp_difference/mean": 0.015222144313156605, "sampling/sampling_logp_difference/max": 0.3822615146636963, "sampling/importance_sampling_ratio/min": 0.0, "sampling/importance_sampling_ratio/mean": 0.9515207409858704, "sampling/importance_sampling_ratio/max": 2.899747848510742, "kl": 0.0004599619296641322, "entropy": 1.0054732076823711, "clip_ratio/low_mean": 0.0, "clip_ratio/high_mean": 0.0, "clip_ratio/region_mean": 0.0, "clip_ratio/low_min": 0.0, "clip_ratio/high_max": 0.0, "step_time": 20.118591357999975, "epoch": 0.048}
[1A 50%|█████     | 6/12 [02:08<02:07, 21.33s/it]
[1A                                              
{'loss': '-0.03434', 'grad_norm': '0.5829', 'learning_rate': '5.833e-07', 'num_tokens': '4.698e+05', 'completions/mean_length': '475.4', 'completions/min_length': '58', 'completions/max_length': '1024', 'completions/clipped_ratio': '0.1719', 'completions/mean_terminated_length': '361.5', 'completions/min_terminated_length': '58', 'completions/max_terminated_length': '967', 'rewards/correctness_reward/mean': '0.01562', 'rewards/correctness_reward/std': '0.1245', 'rewards/format_reward/mean': '0.08438', 'rewards/format_reward/std': '0.03645', 'reward': '0.1', 'reward_std': '0.1316', 'frac_reward_zero_std': '0.125', 'sampling/sampling_logp_difference/mean': '0.01522', 'sampling/sampling_logp_difference/max': '0.3823', 'sampling/importance_sampling_ratio/min': '0', 'sampling/importance_sampling_ratio/mean': '0.9515', 'sampling/importance_sampling_ratio/max': '2.9', 'kl': '0.00046', 'entropy': '1.005', 'clip_ratio/low_mean': '0', 'clip_ratio/high_mean': '0', 'clip_ratio/region_mean': '0', 'clip_ratio/low_min': '0', 'clip_ratio/high_max': '0', 'step_time': '20.12', 'epoch': '0.048'}
[1A
[1A 50%|█████     | 6/12 [02:08<02:07, 21.33s/it]
{"t": 1791319774.0344768, "step": 7, "loss": 0.1099151149392128, "grad_norm": 0.7267746925354004, "learning_rate": 5e-07, "num_tokens": 546798.0, "completions/mean_length": 458.0546875, "completions/min_length": 73.0, "completions/max_length": 1024.0, "completions/clipped_ratio": 0.1796875, "completions/mean_terminated_length": 334.0857238769531, "completions/min_terminated_length": 73.0, "completions/max_terminated_length": 884.0, "rewards/correctness_reward/mean": 0.03125, "rewards/correctness_reward/std": 0.1746762990951538, "rewards/format_reward/mean": 0.08828125149011612, "rewards/format_reward/std": 0.0322907418012619, "reward": 0.11953125894069672, "reward_std": 0.17970167100429535, "frac_reward_zero_std": 0.125, "sampling/sampling_logp_difference/mean": 0.016175882890820503, "sampling/sampling_logp_difference/max": 0.3600606918334961, "sampling/importance_sampling_ratio/min": 0.0, "sampling/importance_sampling_ratio/mean": 0.9418554306030273, "sampling/importance_sampling_ratio/max": 2.9427974224090576, "kl": 0.0005152899084350793, "entropy": 1.0826901718974113, "clip_ratio/low_mean": 0.0, "clip_ratio/high_mean": 0.0, "clip_ratio/region_mean": 0.0, "clip_ratio/low_min": 0.0, "clip_ratio/high_max": 0.0, "step_time": 20.00830967600004, "epoch": 0.056}
[1A 58%|█████▊    | 7/12 [02:30<01:46, 21.28s/it]
[1A                                              
{'loss': '0.1099', 'grad_norm': '0.7268', 'learning_rate': '5e-07', 'num_tokens': '5.468e+05', 'completions/mean_length': '458.1', 'completions/min_length': '73', 'completions/max_length': '1024', 'completions/clipped_ratio': '0.1797', 'completions/mean_terminated_length': '334.1', 'completions/min_terminated_length': '73', 'completions/max_terminated_length': '884', 'rewards/correctness_reward/mean': '0.03125', 'rewards/correctness_reward/std': '0.1747', 'rewards/format_reward/mean': '0.08828', 'rewards/format_reward/std': '0.03229', 'reward': '0.1195', 'reward_std': '0.1797', 'frac_reward_zero_std': '0.125', 'sampling/sampling_logp_difference/mean': '0.01618', 'sampling/sampling_logp_difference/max': '0.3601', 'sampling/importance_sampling_ratio/min': '0', 'sampling/importance_sampling_ratio/mean': '0.9419', 'sampling/importance_sampling_ratio/max': '2.943', 'kl': '0.0005153', 'entropy': '1.083', 'clip_ratio/low_mean': '0', 'clip_ratio/high_mean': '0', 'clip_ratio/region_mean': '0', 'clip_ratio/low_min': '0', 'clip_ratio/high_max': '0', 'step_time': '20.01', 'epoch': '0.056'}
[1A
[1A 58%|█████▊    | 7/12 [02:30<01:46, 21.28s/it]
{"t": 1791319795.206877, "step": 8, "loss": 0.17740029096603394, "grad_norm": 0.8251216411590576, "learning_rate": 4.1666666666666667e-07, "num_tokens": 626026.0, "completions/mean_length": 475.21875, "completions/min_length": 44.0, "completions/max_length": 1024.0, "completions/clipped_ratio": 0.203125, "completions/mean_terminated_length": 335.3333435058594, "completions/min_terminated_length": 44.0, "completions/max_terminated_length": 1016.0, "rewards/correctness_reward/mean": 0.0234375, "rewards/correctness_reward/std": 0.15188287198543549, "rewards/format_reward/mean": 0.08828125894069672, "rewards/format_reward/std": 0.0322907418012619, "reward": 0.11171875894069672, "reward_std": 0.15705011785030365, "frac_reward_zero_std": 0.1875, "sampling/sampling_logp_difference/mean": 0.016252540051937103, "sampling/sampling_logp_difference/max": 0.30731844902038574, "sampling/importance_sampling_ratio/min": 0.0, "sampling/importance_sampling_ratio/mean": 0.834614634513855, "sampling/importance_sampling_ratio/max": 2.7909996509552, "kl": 0.0005327570306690177, "entropy": 1.055018000304699, "clip_ratio/low_mean": 0.0, "clip_ratio/high_mean": 0.0, "clip_ratio/region_mean": 0.0, "clip_ratio/low_min": 0.0, "clip_ratio/high_max": 0.0, "step_time": 20.005358222999803, "epoch": 0.064}
[1A 67%|██████▋   | 8/12 [02:51<01:24, 21.24s/it]
[1A                                              
{'loss': '0.1774', 'grad_norm': '0.8251', 'learning_rate': '4.167e-07', 'num_tokens': '6.26e+05', 'completions/mean_length': '475.2', 'completions/min_length': '44', 'completions/max_length': '1024', 'completions/clipped_ratio': '0.2031', 'completions/mean_terminated_length': '335.3', 'completions/min_terminated_length': '44', 'completions/max_terminated_length': '1016', 'rewards/correctness_reward/mean': '0.02344', 'rewards/correctness_reward/std': '0.1519', 'rewards/format_reward/mean': '0.08828', 'rewards/format_reward/std': '0.03229', 'reward': '0.1117', 'reward_std': '0.1571', 'frac_reward_zero_std': '0.1875', 'sampling/sampling_logp_difference/mean': '0.01625', 'sampling/sampling_logp_difference/max': '0.3073', 'sampling/importance_sampling_ratio/min': '0', 'sampling/importance_sampling_ratio/mean': '0.8346', 'sampling/importance_sampling_ratio/max': '2.791', 'kl': '0.0005328', 'entropy': '1.055', 'clip_ratio/low_mean': '0', 'clip_ratio/high_mean': '0', 'clip_ratio/region_mean': '0', 'clip_ratio/low_min': '0', 'clip_ratio/high_max': '0', 'step_time': '20.01', 'epoch': '0.064'}
[1A
[1A 67%|██████▋   | 8/12 [02:51<01:24, 21.24s/it]
{"t": 1791319816.369591, "step": 9, "loss": 0.018968727439641953, "grad_norm": 0.4145355820655823, "learning_rate": 3.333333333333333e-07, "num_tokens": 706876.0, "completions/mean_length": 487.078125, "completions/min_length": 38.0, "completions/max_length": 1024.0, "completions/clipped_ratio": 0.2109375, "completions/mean_terminated_length": 343.5445556640625, "completions/min_terminated_length": 38.0, "completions/max_terminated_length": 989.0, "rewards/correctness_reward/mean": 0.0078125, "rewards/correctness_reward/std": 0.0883883461356163, "rewards/format_reward/mean": 0.08750000596046448, "rewards/format_reward/std": 0.03320184350013733, "reward": 0.09531250596046448, "reward_std": 0.09545528888702393, "frac_reward_zero_std": 0.375, "sampling/sampling_logp_difference/mean": 0.015667207539081573, "sampling/sampling_logp_difference/max": 0.32203078269958496, "sampling/importance_sampling_ratio/min": 0.0, "sampling/importance_sampling_ratio/mean": 0.8883137702941895, "sampling/importance_sampling_ratio/max": 2.976025104522705, "kl": 0.0005424081755336374, "entropy": 1.1271514780819416, "clip_ratio/low_mean": 0.0, "clip_ratio/high_mean": 0.0, "clip_ratio/region_mean": 0.0, "clip_ratio/low_min": 0.0, "clip_ratio/high_max": 0.0, "step_time": 19.999104358000125, "epoch": 0.072}
[1A 75%|███████▌  | 9/12 [03:12<01:03, 21.22s/it]
[1A                                              
{'loss': '0.01897', 'grad_norm': '0.4145', 'learning_rate': '3.333e-07', 'num_tokens': '7.069e+05', 'completions/mean_length': '487.1', 'completions/min_length': '38', 'completions/max_length': '1024', 'completions/clipped_ratio': '0.2109', 'completions/mean_terminated_length': '343.5', 'completions/min_terminated_length': '38', 'completions/max_terminated_length': '989', 'rewards/correctness_reward/mean': '0.007812', 'rewards/correctness_reward/std': '0.08839', 'rewards/format_reward/mean': '0.0875', 'rewards/format_reward/std': '0.0332', 'reward': '0.09531', 'reward_std': '0.09546', 'frac_reward_zero_std': '0.375', 'sampling/sampling_logp_difference/mean': '0.01567', 'sampling/sampling_logp_difference/max': '0.322', 'sampling/importance_sampling_ratio/min': '0', 'sampling/importance_sampling_ratio/mean': '0.8883', 'sampling/importance_sampling_ratio/max': '2.976', 'kl': '0.0005424', 'entropy': '1.127', 'clip_ratio/low_mean': '0', 'clip_ratio/high_mean': '0', 'clip_ratio/region_mean': '0', 'clip_ratio/low_min': '0', 'clip_ratio/high_max': '0', 'step_time': '20', 'epoch': '0.072'}
[1A
[1A 75%|███████▌  | 9/12 [03:12<01:03, 21.22s/it]
{"t": 1791319837.668525, "step": 10, "loss": 0.10651496052742004, "grad_norm": 0.6113665103912354, "learning_rate": 2.5e-07, "num_tokens": 789800.0, "completions/mean_length": 504.59375, "completions/min_length": 48.0, "completions/max_length": 1024.0, "completions/clipped_ratio": 0.1953125, "completions/mean_terminated_length": 378.5242614746094, "completions/min_terminated_length": 48.0, "completions/max_terminated_length": 1004.0, "rewards/correctness_reward/mean": 0.015625, "rewards/correctness_reward/std": 0.12450689822435379, "rewards/format_reward/mean": 0.08359375596046448, "rewards/format_reward/std": 0.03717873990535736, "reward": 0.09921875596046448, "reward_std": 0.1319126933813095, "frac_reward_zero_std": 0.25, "sampling/sampling_logp_difference/mean": 0.01640787348151207, "sampling/sampling_logp_difference/max": 0.47963738441467285, "sampling/importance_sampling_ratio/min": 0.0, "sampling/importance_sampling_ratio/mean": 0.9170143604278564, "sampling/importance_sampling_ratio/max": 2.911245107650757, "kl": 0.0005866343726665946, "entropy": 1.056522473692894, "clip_ratio/low_mean": 0.0, "clip_ratio/high_mean": 0.0, "clip_ratio/region_mean": 0.0, "clip_ratio/low_min": 0.0, "clip_ratio/high_max": 0.0, "step_time": 20.13365492199995, "epoch": 0.08}
[1A 83%|████████▎ | 10/12 [03:33<00:42, 21.24s/it]
[1A                                               
{'loss': '0.1065', 'grad_norm': '0.6114', 'learning_rate': '2.5e-07', 'num_tokens': '7.898e+05', 'completions/mean_length': '504.6', 'completions/min_length': '48', 'completions/max_length': '1024', 'completions/clipped_ratio': '0.1953', 'completions/mean_terminated_length': '378.5', 'completions/min_terminated_length': '48', 'completions/max_terminated_length': '1004', 'rewards/correctness_reward/mean': '0.01562', 'rewards/correctness_reward/std': '0.1245', 'rewards/format_reward/mean': '0.08359', 'rewards/format_reward/std': '0.03718', 'reward': '0.09922', 'reward_std': '0.1319', 'frac_reward_zero_std': '0.25', 'sampling/sampling_logp_difference/mean': '0.01641', 'sampling/sampling_logp_difference/max': '0.4796', 'sampling/importance_sampling_ratio/min': '0', 'sampling/importance_sampling_ratio/mean': '0.917', 'sampling/importance_sampling_ratio/max': '2.911', 'kl': '0.0005866', 'entropy': '1.057', 'clip_ratio/low_mean': '0', 'clip_ratio/high_mean': '0', 'clip_ratio/region_mean': '0', 'clip_ratio/low_min': '0', 'clip_ratio/high_max': '0', 'step_time': '20.13', 'epoch': '0.08'}
[1A
[1A 83%|████████▎ | 10/12 [03:33<00:42, 21.24s/it]
{"t": 1791319858.8931522, "step": 11, "loss": 0.00574183464050293, "grad_norm": 0.617892324924469, "learning_rate": 1.6666666666666665e-07, "num_tokens": 869345.0, "completions/mean_length": 477.6953125, "completions/min_length": 49.0, "completions/max_length": 1024.0, "completions/clipped_ratio": 0.1875, "completions/mean_terminated_length": 351.625, "completions/min_terminated_length": 49.0, "completions/max_terminated_length": 1005.0, "rewards/correctness_reward/mean": 0.0, "rewards/correctness_reward/std": 0.0, "rewards/format_reward/mean": 0.08671875298023224, "rewards/format_reward/std": 0.03407054767012596, "reward": 0.08671875298023224, "reward_std": 0.03407054767012596, "frac_reward_zero_std": 0.4375, "sampling/sampling_logp_difference/mean": 0.016327688470482826, "sampling/sampling_logp_difference/max": 0.2612895965576172, "sampling/importance_sampling_ratio/min": 0.0, "sampling/importance_sampling_ratio/mean": 0.9411167502403259, "sampling/importance_sampling_ratio/max": 2.6104626655578613, "kl": 0.0005683238232450094, "entropy": 1.132009394466877, "clip_ratio/low_mean": 0.0, "clip_ratio/high_mean": 0.0, "clip_ratio/region_mean": 0.0, "clip_ratio/low_min": 0.0, "clip_ratio/high_max": 0.0, "step_time": 20.07418713600009, "epoch": 0.088}
[1A 92%|█████████▏| 11/12 [03:54<00:21, 21.24s/it]
[1A                                               
{'loss': '0.005742', 'grad_norm': '0.6179', 'learning_rate': '1.667e-07', 'num_tokens': '8.693e+05', 'completions/mean_length': '477.7', 'completions/min_length': '49', 'completions/max_length': '1024', 'completions/clipped_ratio': '0.1875', 'completions/mean_terminated_length': '351.6', 'completions/min_terminated_length': '49', 'completions/max_terminated_length': '1005', 'rewards/correctness_reward/mean': '0', 'rewards/correctness_reward/std': '0', 'rewards/format_reward/mean': '0.08672', 'rewards/format_reward/std': '0.03407', 'reward': '0.08672', 'reward_std': '0.03407', 'frac_reward_zero_std': '0.4375', 'sampling/sampling_logp_difference/mean': '0.01633', 'sampling/sampling_logp_difference/max': '0.2613', 'sampling/importance_sampling_ratio/min': '0', 'sampling/importance_sampling_ratio/mean': '0.9411', 'sampling/importance_sampling_ratio/max': '2.61', 'kl': '0.0005683', 'entropy': '1.132', 'clip_ratio/low_mean': '0', 'clip_ratio/high_mean': '0', 'clip_ratio/region_mean': '0', 'clip_ratio/low_min': '0', 'clip_ratio/high_max': '0', 'step_time': '20.07', 'epoch': '0.088'}
[1A
[1A 92%|█████████▏| 11/12 [03:54<00:21, 21.24s/it]
grpo done: {'wall_s': 256.6288585662842, 'mem_gb': 126.73251328}
{"t": 1791319880.600302, "step": 12, "loss": -0.049550626426935196, "grad_norm": 0.5892859697341919, "learning_rate": 8.333333333333333e-08, "num_tokens": 952414.0, "completions/mean_length": 505.1015625, "completions/min_length": 29.0, "completions/max_length": 1024.0, "completions/clipped_ratio": 0.2421875, "completions/mean_terminated_length": 339.2680358886719, "completions/min_terminated_length": 29.0, "completions/max_terminated_length": 1017.0, "rewards/correctness_reward/mean": 0.0, "rewards/correctness_reward/std": 0.0, "rewards/format_reward/mean": 0.08515625447034836, "rewards/format_reward/std": 0.03569301590323448, "reward": 0.08515624701976776, "reward_std": 0.03569301217794418, "frac_reward_zero_std": 0.25, "sampling/sampling_logp_difference/mean": 0.014749073423445225, "sampling/sampling_logp_difference/max": 0.3422513008117676, "sampling/importance_sampling_ratio/min": 0.0, "sampling/importance_sampling_ratio/mean": 0.8973100781440735, "sampling/importance_sampling_ratio/max": 2.904937267303467, "kl": 0.0005321701519278577, "entropy": 0.9751418866217136, "clip_ratio/low_mean": 0.0, "clip_ratio/high_mean": 0.0, "clip_ratio/region_mean": 0.0, "clip_ratio/low_min": 0.0, "clip_ratio/high_max": 0.0, "step_time": 20.5550616660002, "epoch": 0.096}
[1A100%|██████████| 12/12 [04:16<00:00, 21.38s/it]
[1A                                               
{'loss': '-0.04955', 'grad_norm': '0.5893', 'learning_rate': '8.333e-08', 'num_tokens': '9.524e+05', 'completions/mean_length': '505.1', 'completions/min_length': '29', 'completions/max_length': '1024', 'completions/clipped_ratio': '0.2422', 'completions/mean_terminated_length': '339.3', 'completions/min_terminated_length': '29', 'completions/max_terminated_length': '1017', 'rewards/correctness_reward/mean': '0', 'rewards/correctness_reward/std': '0', 'rewards/format_reward/mean': '0.08516', 'rewards/format_reward/std': '0.03569', 'reward': '0.08516', 'reward_std': '0.03569', 'frac_reward_zero_std': '0.25', 'sampling/sampling_logp_difference/mean': '0.01475', 'sampling/sampling_logp_difference/max': '0.3423', 'sampling/importance_sampling_ratio/min': '0', 'sampling/importance_sampling_ratio/mean': '0.8973', 'sampling/importance_sampling_ratio/max': '2.905', 'kl': '0.0005322', 'entropy': '0.9751', 'clip_ratio/low_mean': '0', 'clip_ratio/high_mean': '0', 'clip_ratio/region_mean': '0', 'clip_ratio/low_min': '0', 'clip_ratio/high_max': '0', 'step_time': '20.56', 'epoch': '0.096'}
[1A
{"t": 1791319880.6025548, "step": 12, "train_runtime": 256.5995, "train_samples_per_second": 5.986, "train_steps_per_second": 0.047, "total_flos": 0.0, "train_loss": 0.024576322330782812, "epoch": 0.096}
[1A100%|██████████| 12/12 [04:16<00:00, 21.38s/it]
[1A                                               
{'train_runtime': '256.6', 'train_samples_per_second': '5.986', 'train_steps_per_second': '0.047', 'train_loss': '0.02458', 'epoch': '0.096'}
[1A
[1A100%|██████████| 12/12 [04:16<00:00, 21.38s/it]
[1A100%|██████████| 12/12 [04:16<00:00, 21.38s/it]
Stopping app - local entrypoint completed.
[rank0]:[W1006 20:51:21.824186613 ProcessGroupNCCL.cpp:1624] Warning: WARNING: destroy_process_group() was not called before program exit, which can leak resources. For more info, please see https://pytorch.org/docs/stable/distributed.html#shutdown (function operator())
✓ App completed. View run at 
https://modal.com/apps/denniskoshta/main/ap-UUajEzZBdCLVb1gjzXlZh4
